Archive member included to satisfy reference by file (symbol)

/usr/lib/gcc/arm-none-eabi/4.8/armv6-m/libgcc.a(_udivsi3.o)
                              /tmp/ccyNLAmf.ltrans0.ltrans.o (__aeabi_uidiv)
/usr/lib/gcc/arm-none-eabi/4.8/armv6-m/libgcc.a(_dvmd_tls.o)
                              /usr/lib/gcc/arm-none-eabi/4.8/armv6-m/libgcc.a(_udivsi3.o) (__aeabi_idiv0)

Discarded input sections

 .data          0x0000000000000000        0x0 build/obj/crt0_v6m.o
 .bss           0x0000000000000000        0x0 build/obj/crt0_v6m.o
 .data          0x0000000000000000        0x0 build/obj/chcoreasm_v6m.o
 .bss           0x0000000000000000        0x0 build/obj/chcoreasm_v6m.o
 .text          0x0000000000000000        0x0 build/obj/crt1.o (symbol from plugin)
 .text          0x0000000000000000        0x0 /tmp/ccyNLAmf.ltrans0.ltrans.o
 .data          0x0000000000000000        0x0 /tmp/ccyNLAmf.ltrans0.ltrans.o
 .bss           0x0000000000000000        0x0 /tmp/ccyNLAmf.ltrans0.ltrans.o
 .text.sdRequestDataI.4331
                0x0000000000000000       0x30 /tmp/ccyNLAmf.ltrans0.ltrans.o
 .text.sdPutWouldBlock.4328
                0x0000000000000000       0x30 /tmp/ccyNLAmf.ltrans0.ltrans.o
 .text.sdGetWouldBlock.4324
                0x0000000000000000       0x30 /tmp/ccyNLAmf.ltrans0.ltrans.o
 .text.nvicDisableVector.4317
                0x0000000000000000       0x60 /tmp/ccyNLAmf.ltrans0.ltrans.o
 .text.nvicSetSystemHandlerPriority.4313
                0x0000000000000000       0x60 /tmp/ccyNLAmf.ltrans0.ltrans.o
 .text.nvicClearPending.4309
                0x0000000000000000       0x30 /tmp/ccyNLAmf.ltrans0.ltrans.o
 .data.SystemCoreClock.4477
                0x0000000000000000        0x4 /tmp/ccyNLAmf.ltrans0.ltrans.o
 .text.usart_deinit.6915.4199
                0x0000000000000000       0x20 /tmp/ccyNLAmf.ltrans0.ltrans.o
 .text.sd_lld_stop
                0x0000000000000000       0x40 /tmp/ccyNLAmf.ltrans0.ltrans.o
 .text.crcSlow.4031
                0x0000000000000000       0xc0 /tmp/ccyNLAmf.ltrans0.ltrans.o
 .text.crcInit.4029
                0x0000000000000000       0x90 /tmp/ccyNLAmf.ltrans0.ltrans.o
 .text          0x0000000000000000        0x0 /tmp/ccyNLAmf.ltrans1.ltrans.o
 .data          0x0000000000000000        0x0 /tmp/ccyNLAmf.ltrans1.ltrans.o
 .bss           0x0000000000000000        0x0 /tmp/ccyNLAmf.ltrans1.ltrans.o
 .text.chMtxLockS
                0x0000000000000000       0xd0 /tmp/ccyNLAmf.ltrans1.ltrans.o
 .text.chMtxTryLock.4509
                0x0000000000000000       0x30 /tmp/ccyNLAmf.ltrans1.ltrans.o
 .text.chMtxTryLockS.4506
                0x0000000000000000       0x40 /tmp/ccyNLAmf.ltrans1.ltrans.o
 .text.chMtxUnlock.4503
                0x0000000000000000       0xb0 /tmp/ccyNLAmf.ltrans1.ltrans.o
 .text.chMtxUnlockS.4500
                0x0000000000000000       0xa0 /tmp/ccyNLAmf.ltrans1.ltrans.o
 .text.chMtxUnlockAll.4497
                0x0000000000000000       0x90 /tmp/ccyNLAmf.ltrans1.ltrans.o
 .text.port_lock.5533.4495
                0x0000000000000000       0x10 /tmp/ccyNLAmf.ltrans1.ltrans.o
 .text.port_unlock.5536.4493
                0x0000000000000000       0x10 /tmp/ccyNLAmf.ltrans1.ltrans.o
 .text.queue_init.5538.4490
                0x0000000000000000       0x20 /tmp/ccyNLAmf.ltrans1.ltrans.o
 .text.queue_notempty.5604.4484
                0x0000000000000000       0x20 /tmp/ccyNLAmf.ltrans1.ltrans.o
 .text.chSysLock.5608.4482
                0x0000000000000000       0x10 /tmp/ccyNLAmf.ltrans1.ltrans.o
 .text.chSysUnlock.5610.4480
                0x0000000000000000       0x10 /tmp/ccyNLAmf.ltrans1.ltrans.o
 .text.chThdGetSelfX.5612.4478
                0x0000000000000000       0x10 /tmp/ccyNLAmf.ltrans1.ltrans.o
 .text.chMtxGetNextMutexS.5614.4476
                0x0000000000000000       0x10 /tmp/ccyNLAmf.ltrans1.ltrans.o
 .text.chCondObjectInit.4473
                0x0000000000000000       0x20 /tmp/ccyNLAmf.ltrans1.ltrans.o
 .text.chCondSignal.4470
                0x0000000000000000       0x40 /tmp/ccyNLAmf.ltrans1.ltrans.o
 .text.chCondSignalI.4467
                0x0000000000000000       0x40 /tmp/ccyNLAmf.ltrans1.ltrans.o
 .text.chCondBroadcast.4464
                0x0000000000000000       0x20 /tmp/ccyNLAmf.ltrans1.ltrans.o
 .text.chCondBroadcastI.4461
                0x0000000000000000       0x40 /tmp/ccyNLAmf.ltrans1.ltrans.o
 .text.chCondWait.4458
                0x0000000000000000       0x30 /tmp/ccyNLAmf.ltrans1.ltrans.o
 .text.chCondWaitS.4455
                0x0000000000000000       0x50 /tmp/ccyNLAmf.ltrans1.ltrans.o
 .text.chCondWaitTimeout.4451
                0x0000000000000000       0x40 /tmp/ccyNLAmf.ltrans1.ltrans.o
 .text.chCondWaitTimeoutS.4443
                0x0000000000000000       0x60 /tmp/ccyNLAmf.ltrans1.ltrans.o
 .text.chCoreGetStatusX.4428
                0x0000000000000000       0x20 /tmp/ccyNLAmf.ltrans1.ltrans.o
 .text.chHeapObjectInit.4418
                0x0000000000000000       0x40 /tmp/ccyNLAmf.ltrans1.ltrans.o
[...]
Memory Configuration

Name             Origin             Length             Attributes
flash            0x0000000008000000 0x0000000000004000
ram0             0x0000000020000000 0x0000000000001000
ram1             0x0000000000000000 0x0000000000000000
ram2             0x0000000000000000 0x0000000000000000
ram3             0x0000000000000000 0x0000000000000000
ram4             0x0000000000000000 0x0000000000000000
ram5             0x0000000000000000 0x0000000000000000
ram6             0x0000000000000000 0x0000000000000000
ram7             0x0000000000000000 0x0000000000000000
*default*        0x0000000000000000 0xffffffffffffffff

Linker script and memory map

LOAD build/obj/crt0_v6m.o
LOAD build/obj/chcoreasm_v6m.o
LOAD build/obj/crt1.o
LOAD /tmp/ccyNLAmf.ltrans0.ltrans.o
LOAD /tmp/ccyNLAmf.ltrans1.ltrans.o
LOAD /tmp/ccyNLAmf.ltrans2.ltrans.o
LOAD build/obj/vectors.o
LOAD build/obj/chsys.o
LOAD build/obj/chdebug.o
LOAD build/obj/chvt.o
LOAD build/obj/chschd.o
LOAD build/obj/chthreads.o
LOAD build/obj/chregistry.o
LOAD build/obj/chsem.o
LOAD build/obj/chmtx.o
LOAD build/obj/chcond.o
LOAD build/obj/chmemcore.o
LOAD build/obj/chheap.o
LOAD build/obj/chcore.o
LOAD build/obj/chcore_v6m.o
LOAD build/obj/osal.o
LOAD build/obj/hal.o
LOAD build/obj/st.o
LOAD build/obj/hal_queues.o
LOAD build/obj/hal_mmcsd.o
LOAD build/obj/pal.o
LOAD build/obj/serial.o
LOAD build/obj/nvic.o
LOAD build/obj/hal_lld.o
LOAD build/obj/stm32_dma.o
LOAD build/obj/st_lld.o
LOAD build/obj/pal_lld.o
LOAD build/obj/serial_lld.o
LOAD build/obj/board.o
LOAD build/obj/crc.o
LOAD build/obj/main.o
                0x0000000020000000                __ram0_start__ = ORIGIN (ram0)
                0x0000000000001000                __ram0_size__ = 0x1000
                0x0000000020001000                __ram0_end__ = (__ram0_start__ + __ram0_size__)
                0x0000000000000000                __ram1_start__ = ORIGIN (ram1)
                0x0000000000000000                __ram1_size__ = 0x0
                0x0000000000000000                __ram1_end__ = (__ram1_start__ + __ram1_size__)
                0x0000000000000000                __ram2_start__ = ORIGIN (ram2)
                0x0000000000000000                __ram2_size__ = 0x0
                0x0000000000000000                __ram2_end__ = (__ram2_start__ + __ram2_size__)
                0x0000000000000000                __ram3_start__ = ORIGIN (ram3)
                0x0000000000000000                __ram3_size__ = 0x0
                0x0000000000000000                __ram3_end__ = (__ram3_start__ + __ram3_size__)
                0x0000000000000000                __ram4_start__ = ORIGIN (ram4)
                0x0000000000000000                __ram4_size__ = 0x0
                0x0000000000000000                __ram4_end__ = (__ram4_start__ + __ram4_size__)
                0x0000000000000000                __ram5_start__ = ORIGIN (ram5)
                0x0000000000000000                __ram5_size__ = 0x0
                0x0000000000000000                __ram5_end__ = (__ram5_start__ + __ram5_size__)
                0x0000000000000000                __ram6_start__ = ORIGIN (ram6)
                0x0000000000000000                __ram6_size__ = 0x0
                0x0000000000000000                __ram6_end__ = (__ram6_start__ + __ram6_size__)
                0x0000000000000000                __ram7_start__ = ORIGIN (ram7)
                0x0000000000000000                __ram7_size__ = 0x0
                0x0000000000000000                __ram7_end__ = (__ram7_start__ + __ram7_size__)
                0x0000000000000000                . = 0x0
                0x0000000000000000                _text = .

startup         0x0000000008000000       0xc0
 *(.vectors)
 .vectors       0x0000000008000000       0xc0 /tmp/ccyNLAmf.ltrans0.ltrans.o
                0x0000000008000000                _vectors

constructors    0x00000000080000c0        0x0
                0x00000000080000c0                PROVIDE (__init_array_start, .)
 *(SORT(.init_array.*))
 *(.init_array)
                0x00000000080000c0                PROVIDE (__init_array_end, .)

destructors     0x00000000080000c0        0x0
                0x00000000080000c0                PROVIDE (__fini_array_start, .)
 *(.fini_array)
 *(SORT(.fini_array.*))
                0x00000000080000c0                PROVIDE (__fini_array_end, .)

.text           0x00000000080000c0     0x2730
 *(.text)
 .text          0x00000000080000c0       0xc4 build/obj/crt0_v6m.o
                0x00000000080000c0                Reset_Handler
 *fill*         0x0000000008000184        0xc 
 .text          0x0000000008000190       0x40 build/obj/chcoreasm_v6m.o
                0x0000000008000190                _port_switch
                0x00000000080001b0                _port_thread_start
                0x00000000080001bc                _port_switch_from_isr
                0x00000000080001c0                _port_exit_from_isr
 .text          0x00000000080001d0       0x9c /usr/lib/gcc/arm-none-eabi/4.8/armv6-m/libgcc.a(_udivsi3.o)
                0x00000000080001d0                __udivsi3
                0x00000000080001d0                __aeabi_uidiv
                0x0000000008000258                __aeabi_uidivmod
 *fill*         0x000000000800026c        0x4 
 .text          0x0000000008000270        0x4 /usr/lib/gcc/arm-none-eabi/4.8/armv6-m/libgcc.a(_dvmd_tls.o)
                0x0000000008000270                __aeabi_ldiv0
                0x0000000008000270                __aeabi_idiv0
 *(.text.*)
 *fill*         0x0000000008000274        0xc 
 .text.sdIncomingDataI.4334
                0x0000000008000280       0x50 /tmp/ccyNLAmf.ltrans0.ltrans.o
 .text.nvicEnableVector.4320
                0x00000000080002d0       0x90 /tmp/ccyNLAmf.ltrans0.ltrans.o
 .text.hal_lld_backup_domain_init.6570.4307
                0x0000000008000360       0x60 /tmp/ccyNLAmf.ltrans0.ltrans.o
 .text.hal_lld_init
                0x00000000080003c0       0x60 /tmp/ccyNLAmf.ltrans0.ltrans.o
                0x00000000080003c0                hal_lld_init
 .text.stm32_clock_init.4302
                0x0000000008000420       0xe0 /tmp/ccyNLAmf.ltrans0.ltrans.o
 .text.port_lock.6611.4300
                0x0000000008000500       0x10 /tmp/ccyNLAmf.ltrans0.ltrans.o
 .text.port_unlock.6614.4298
                0x0000000008000510       0x10 /tmp/ccyNLAmf.ltrans0.ltrans.o
 .text.port_lock_from_isr.6616.4296
                0x0000000008000520       0x10 /tmp/ccyNLAmf.ltrans0.ltrans.o
 .text.port_unlock_from_isr.6618.4294
                0x0000000008000530       0x10 /tmp/ccyNLAmf.ltrans0.ltrans.o
 .text.chSysLockFromISR.6620.4292
                0x0000000008000540       0x10 /tmp/ccyNLAmf.ltrans0.ltrans.o
 .text.chSysUnlockFromISR.6622.4290
                0x0000000008000550       0x10 /tmp/ccyNLAmf.ltrans0.ltrans.o
 .text.osalSysLockFromISR.6624.4288
                0x0000000008000560       0x10 /tmp/ccyNLAmf.ltrans0.ltrans.o
 .text.osalSysUnlockFromISR.6626.4286
                0x0000000008000570       0x10 /tmp/ccyNLAmf.ltrans0.ltrans.o
 .text.osalOsTimerHandlerI.6628.4284
                0x0000000008000580       0x10 /tmp/ccyNLAmf.ltrans0.ltrans.o
 .text.Vector80.4282
                0x0000000008000590       0x40 /tmp/ccyNLAmf.ltrans0.ltrans.o
 .text.st_lld_init
                0x00000000080005d0       0x70 /tmp/ccyNLAmf.ltrans0.ltrans.o
                0x00000000080005d0                st_lld_init
 .text.initgpio.6689.4274
                0x0000000008000640       0x50 /tmp/ccyNLAmf.ltrans0.ltrans.o
 .text._pal_lld_init
                0x0000000008000690       0x60 /tmp/ccyNLAmf.ltrans0.ltrans.o
                0x0000000008000690                _pal_lld_init
 .text._pal_lld_setgroupmode
                0x00000000080006f0      0x130 /tmp/ccyNLAmf.ltrans0.ltrans.o
                0x00000000080006f0                _pal_lld_setgroupmode
 .text.port_lock.6760.4224
                0x0000000008000820       0x10 /tmp/ccyNLAmf.ltrans0.ltrans.o
 .text.port_unlock.6763.4222
                0x0000000008000830       0x10 /tmp/ccyNLAmf.ltrans0.ltrans.o
 .text.port_lock_from_isr.6765.4220
                0x0000000008000840       0x10 /tmp/ccyNLAmf.ltrans0.ltrans.o
 .text.port_unlock_from_isr.6767.4218
                0x0000000008000850       0x10 /tmp/ccyNLAmf.ltrans0.ltrans.o
 .text.chSysLockFromISR.6769.4216
                0x0000000008000860       0x10 /tmp/ccyNLAmf.ltrans0.ltrans.o
 .text.chSysUnlockFromISR.6771.4214
                0x0000000008000870       0x10 /tmp/ccyNLAmf.ltrans0.ltrans.o
 .text.osalSysLockFromISR.6773.4212
                0x0000000008000880       0x10 /tmp/ccyNLAmf.ltrans0.ltrans.o
 .text.osalSysUnlockFromISR.6775.4210
                0x0000000008000890       0x10 /tmp/ccyNLAmf.ltrans0.ltrans.o
 .text.osalEventBroadcastFlagsI.6777.4206
                0x00000000080008a0       0x20 /tmp/ccyNLAmf.ltrans0.ltrans.o
 .text.usart_init.6863.4202
                0x00000000080008c0       0x60 /tmp/ccyNLAmf.ltrans0.ltrans.o
 .text.set_error.6918.4195
                0x0000000008000920       0x70 /tmp/ccyNLAmf.ltrans0.ltrans.o
 .text.serve_interrupt.6922.4192
                0x0000000008000990      0x120 /tmp/ccyNLAmf.ltrans0.ltrans.o
 .text.notify1.6787.4187
                0x0000000008000ab0       0x20 /tmp/ccyNLAmf.ltrans0.ltrans.o
 .text.VectorAC.4190
                0x0000000008000ad0       0x20 /tmp/ccyNLAmf.ltrans0.ltrans.o
 .text.sd_lld_init
                0x0000000008000af0       0x40 /tmp/ccyNLAmf.ltrans0.ltrans.o
                0x0000000008000af0                sd_lld_init
 .text.sd_lld_start
                0x0000000008000b30       0x50 /tmp/ccyNLAmf.ltrans0.ltrans.o
                0x0000000008000b30                sd_lld_start
 .text.__early_init
                0x0000000008000b80       0x10 /tmp/ccyNLAmf.ltrans0.ltrans.o
                0x0000000008000b80                __early_init
 .text.boardInit
                0x0000000008000b90       0x10 /tmp/ccyNLAmf.ltrans0.ltrans.o
                0x0000000008000b90                boardInit
 .text.reflect.6989.4035
                0x0000000008000ba0       0x70 /tmp/ccyNLAmf.ltrans0.ltrans.o
 .text.crcFast.4023
                0x0000000008000c10       0x90 /tmp/ccyNLAmf.ltrans0.ltrans.o
 .text.prepareForSend.7009.4016
                0x0000000008000ca0       0x70 /tmp/ccyNLAmf.ltrans0.ltrans.o
 .text.main     0x0000000008000d10      0x120 /tmp/ccyNLAmf.ltrans0.ltrans.o
                0x0000000008000d10                main
 .text.port_lock.5714.4441
                0x0000000008000e30       0x10 /tmp/ccyNLAmf.ltrans1.ltrans.o
 .text.port_unlock.5717.4439
                0x0000000008000e40       0x10 /tmp/ccyNLAmf.ltrans1.ltrans.o
 .text.chSysLock.5719.4437
                0x0000000008000e50       0x10 /tmp/ccyNLAmf.ltrans1.ltrans.o
 .text.chSysUnlock.5721.4435
                0x0000000008000e60       0x10 /tmp/ccyNLAmf.ltrans1.ltrans.o
 .text._core_init
                0x0000000008000e70       0x30 /tmp/ccyNLAmf.ltrans1.ltrans.o
                0x0000000008000e70                _core_init
 .text.chCoreAlloc.4425
                0x0000000008000ea0       0x30 /tmp/ccyNLAmf.ltrans1.ltrans.o
 .text.chCoreAllocI.4430
                0x0000000008000ed0       0x50 /tmp/ccyNLAmf.ltrans1.ltrans.o
 .text._heap_init
                0x0000000008000f20       0x30 /tmp/ccyNLAmf.ltrans1.ltrans.o
                0x0000000008000f20                _heap_init
 .text.port_lock.5920.4385
                0x0000000008000f50       0x10 /tmp/ccyNLAmf.ltrans1.ltrans.o
 .text.port_unlock.5923.4383
                0x0000000008000f60       0x10 /tmp/ccyNLAmf.ltrans1.ltrans.o
 .text.port_lock_from_isr.5925.4381
                0x0000000008000f70       0x10 /tmp/ccyNLAmf.ltrans1.ltrans.o
 .text.port_unlock_from_isr.5927.4379
                0x0000000008000f80       0x10 /tmp/ccyNLAmf.ltrans1.ltrans.o
 .text.NMI_Handler
                0x0000000008000f90       0x30 /tmp/ccyNLAmf.ltrans1.ltrans.o
                0x0000000008000f90                NMI_Handler
 .text._port_irq_epilogue
                0x0000000008000fc0       0x60 /tmp/ccyNLAmf.ltrans1.ltrans.o
                0x0000000008000fc0                _port_irq_epilogue
 .text.osalInit.5962.4369
                0x0000000008001020       0x10 /tmp/ccyNLAmf.ltrans1.ltrans.o
 .text.halInit  0x0000000008001030       0x30 /tmp/ccyNLAmf.ltrans1.ltrans.o
                0x0000000008001030                halInit
 .text.st_lld_start_alarm.5990.4363
                0x0000000008001060       0x30 /tmp/ccyNLAmf.ltrans1.ltrans.o
 .text.st_lld_stop_alarm.5997.4361
                0x0000000008001090       0x10 /tmp/ccyNLAmf.ltrans1.ltrans.o
 .text.st_lld_set_alarm.5999.4358
                0x00000000080010a0       0x20 /tmp/ccyNLAmf.ltrans1.ltrans.o
 .text.stInit.4354
                0x00000000080010c0       0x10 /tmp/ccyNLAmf.ltrans1.ltrans.o
 .text.stStartAlarm
                0x00000000080010d0       0x20 /tmp/ccyNLAmf.ltrans1.ltrans.o
                0x00000000080010d0                stStartAlarm
 .text.stStopAlarm
                0x00000000080010f0       0x10 /tmp/ccyNLAmf.ltrans1.ltrans.o
                0x00000000080010f0                stStopAlarm
 .text.stSetAlarm
                0x0000000008001100       0x20 /tmp/ccyNLAmf.ltrans1.ltrans.o
                0x0000000008001100                stSetAlarm
 .text.port_lock.6048.4341
                0x0000000008001120       0x10 /tmp/ccyNLAmf.ltrans1.ltrans.o
 .text.port_unlock.6051.4339
                0x0000000008001130       0x10 /tmp/ccyNLAmf.ltrans1.ltrans.o
 .text.queue_init.6053.4336
                0x0000000008001140       0x20 /tmp/ccyNLAmf.ltrans1.ltrans.o
 .text.chSysLock.6119.4334
                0x0000000008001160       0x10 /tmp/ccyNLAmf.ltrans1.ltrans.o
 .text.chSysUnlock.6121.4332
                0x0000000008001170       0x10 /tmp/ccyNLAmf.ltrans1.ltrans.o
 .text.chThdQueueObjectInit.6123.4329
                0x0000000008001180       0x20 /tmp/ccyNLAmf.ltrans1.ltrans.o
 .text.osalSysLock.6126.4327
                0x00000000080011a0       0x10 /tmp/ccyNLAmf.ltrans1.ltrans.o
 .text.osalSysUnlock.6128.4325
                0x00000000080011b0       0x10 /tmp/ccyNLAmf.ltrans1.ltrans.o
 .text.osalThreadQueueObjectInit.6130.4322
                0x00000000080011c0       0x20 /tmp/ccyNLAmf.ltrans1.ltrans.o
 .text.osalThreadEnqueueTimeoutS.6141.4318
                0x00000000080011e0       0x30 /tmp/ccyNLAmf.ltrans1.ltrans.o
 .text.osalThreadDequeueNextI.6137.4314
                0x0000000008001210       0x20 /tmp/ccyNLAmf.ltrans1.ltrans.o
 .text.iqObjectInit.4303
                0x0000000008001230       0x50 /tmp/ccyNLAmf.ltrans1.ltrans.o
 .text.iqPutI   0x0000000008001280       0x80 /tmp/ccyNLAmf.ltrans1.ltrans.o
                0x0000000008001280                iqPutI
 .text.iqGetTimeout.4292
                0x0000000008001300       0x90 /tmp/ccyNLAmf.ltrans1.ltrans.o
 .text.iqReadTimeout.4286
                0x0000000008001390       0xb0 /tmp/ccyNLAmf.ltrans1.ltrans.o
 .text.oqObjectInit.4279
                0x0000000008001440       0x50 /tmp/ccyNLAmf.ltrans1.ltrans.o
 .text.oqPutTimeout.4271
                0x0000000008001490       0x90 /tmp/ccyNLAmf.ltrans1.ltrans.o
 .text.oqGetI   0x0000000008001520       0x80 /tmp/ccyNLAmf.ltrans1.ltrans.o
                0x0000000008001520                oqGetI
 .text.oqWriteTimeout
                0x00000000080015a0       0xb0 /tmp/ccyNLAmf.ltrans1.ltrans.o
                0x00000000080015a0                oqWriteTimeout
 .text.port_lock.6278.4220
                0x0000000008001650       0x10 /tmp/ccyNLAmf.ltrans1.ltrans.o
 .text.port_unlock.6281.4218
                0x0000000008001660       0x10 /tmp/ccyNLAmf.ltrans1.ltrans.o
 .text.chSysLock.6283.4216
                0x0000000008001670       0x10 /tmp/ccyNLAmf.ltrans1.ltrans.o
 .text.chSysUnlock.6285.4214
                0x0000000008001680       0x10 /tmp/ccyNLAmf.ltrans1.ltrans.o
 .text.osalSysLock.6287
                0x0000000008001690       0x10 /tmp/ccyNLAmf.ltrans1.ltrans.o
                0x0000000008001690                osalSysLock.6287
 .text.osalSysUnlock.6289
                0x00000000080016a0       0x10 /tmp/ccyNLAmf.ltrans1.ltrans.o
                0x00000000080016a0                osalSysUnlock.6289
 .text.osalEventObjectInit.6291.4205
                0x00000000080016b0       0x10 /tmp/ccyNLAmf.ltrans1.ltrans.o
 .text.osalEventBroadcastFlagsI.6300
                0x00000000080016c0       0x20 /tmp/ccyNLAmf.ltrans1.ltrans.o
                0x00000000080016c0                osalEventBroadcastFlagsI.6300
 .text.write.6304
                0x00000000080016e0       0x30 /tmp/ccyNLAmf.ltrans1.ltrans.o
                0x00000000080016e0                write.6304
 .text.read.6321
                0x0000000008001710       0x30 /tmp/ccyNLAmf.ltrans1.ltrans.o
                0x0000000008001710                read.6321
 .text.put.6332
                0x0000000008001740       0x40 /tmp/ccyNLAmf.ltrans1.ltrans.o
                0x0000000008001740                put.6332
 .text.get.6344
                0x0000000008001780       0x30 /tmp/ccyNLAmf.ltrans1.ltrans.o
                0x0000000008001780                get.6344
 .text.putt.6339
                0x00000000080017b0       0x40 /tmp/ccyNLAmf.ltrans1.ltrans.o
                0x00000000080017b0                putt.6339
 .text.gett.6347
                0x00000000080017f0       0x30 /tmp/ccyNLAmf.ltrans1.ltrans.o
                0x00000000080017f0                gett.6347
 .text.writet.6312
                0x0000000008001820       0x30 /tmp/ccyNLAmf.ltrans1.ltrans.o
                0x0000000008001820                writet.6312
 .text.readt.6326
                0x0000000008001850       0x30 /tmp/ccyNLAmf.ltrans1.ltrans.o
                0x0000000008001850                readt.6326
 .text.sdInit.4161
                0x0000000008001880       0x10 /tmp/ccyNLAmf.ltrans1.ltrans.o
 .text.sdObjectInit
                0x0000000008001890       0x60 /tmp/ccyNLAmf.ltrans1.ltrans.o
                0x0000000008001890                sdObjectInit
 .text.sdStart  0x00000000080018f0       0x30 /tmp/ccyNLAmf.ltrans1.ltrans.o
                0x00000000080018f0                sdStart
 .text.__core_init
                0x0000000008001920       0x10 /tmp/ccyNLAmf.ltrans2.ltrans.o
                0x0000000008001920                __core_init
 .text.__late_init
                0x0000000008001930       0x10 /tmp/ccyNLAmf.ltrans2.ltrans.o
                0x0000000008001930                __late_init
 .text.__default_exit
                0x0000000008001940       0x10 /tmp/ccyNLAmf.ltrans2.ltrans.o
                0x0000000008001940                __default_exit
 .text._unhandled_exception.4492
                0x0000000008001950       0x10 /tmp/ccyNLAmf.ltrans2.ltrans.o
                0x0000000008001950                Vector58
                0x0000000008001950                Vector9C
                0x0000000008001950                DebugMon_Handler
                0x0000000008001950                Vector5C
                0x0000000008001950                HardFault_Handler
                0x0000000008001950                Vector8C
                0x0000000008001950                SysTick_Handler
                0x0000000008001950                PendSV_Handler
                0x0000000008001950                Vector94
                0x0000000008001950                VectorA8
                0x0000000008001950                VectorB4
                0x0000000008001950                Vector74
                0x0000000008001950                UsageFault_Handler
                0x0000000008001950                Vector40
                0x0000000008001950                VectorBC
                0x0000000008001950                Vector64
                0x0000000008001950                Vector54
                0x0000000008001950                Vector98
                0x0000000008001950                Vector24
                0x0000000008001950                Vector84
                0x0000000008001950                MemManage_Handler
                0x0000000008001950                Vector6C
                0x0000000008001950                VectorA0
                0x0000000008001950                SVC_Handler
                0x0000000008001950                Vector7C
                0x0000000008001950                VectorB0
                0x0000000008001950                Vector90
                0x0000000008001950                Vector60
                0x0000000008001950                Vector1C
                0x0000000008001950                Vector48
                0x0000000008001950                Vector70
                0x0000000008001950                Vector4C
                0x0000000008001950                Vector68
                0x0000000008001950                Vector78
                0x0000000008001950                Vector88
                0x0000000008001950                BusFault_Handler
                0x0000000008001950                Vector50
                0x0000000008001950                Vector44
                0x0000000008001950                Vector28
                0x0000000008001950                VectorB8
                0x0000000008001950                Vector34
                0x0000000008001950                VectorA4
                0x0000000008001950                Vector20
 .text.NVIC_SetPriority.4097.4486
                0x0000000008001960       0xf0 /tmp/ccyNLAmf.ltrans2.ltrans.o
 .text.port_init.4106.4484
                0x0000000008001a50       0x10 /tmp/ccyNLAmf.ltrans2.ltrans.o
 .text.port_lock.4117.4475
                0x0000000008001a60       0x10 /tmp/ccyNLAmf.ltrans2.ltrans.o
 .text.port_unlock.4119.4473
                0x0000000008001a70       0x10 /tmp/ccyNLAmf.ltrans2.ltrans.o
 .text.port_lock_from_isr.4121.4471
                0x0000000008001a80       0x10 /tmp/ccyNLAmf.ltrans2.ltrans.o
 .text.port_unlock_from_isr.4123.4469
                0x0000000008001a90       0x10 /tmp/ccyNLAmf.ltrans2.ltrans.o
 .text.port_enable.4127.4465
                0x0000000008001aa0       0x10 /tmp/ccyNLAmf.ltrans2.ltrans.o
 .text.port_wait_for_interrupt.4129.4463
                0x0000000008001ab0       0x10 /tmp/ccyNLAmf.ltrans2.ltrans.o
 .text.st_lld_get_counter.4131.4461
                0x0000000008001ac0       0x10 /tmp/ccyNLAmf.ltrans2.ltrans.o
 .text.port_timer_stop_alarm.4221.4459
                0x0000000008001ad0       0x10 /tmp/ccyNLAmf.ltrans2.ltrans.o
 .text.port_timer_set_alarm.4223.4456
                0x0000000008001ae0       0x20 /tmp/ccyNLAmf.ltrans2.ltrans.o
 .text.port_timer_get_time.4136.4454
                0x0000000008001b00       0x10 /tmp/ccyNLAmf.ltrans2.ltrans.o
 .text.chSysEnable.4138.4452
                0x0000000008001b10       0x10 /tmp/ccyNLAmf.ltrans2.ltrans.o
 .text.chSysLockFromISR.4144.4446
                0x0000000008001b20       0x10 /tmp/ccyNLAmf.ltrans2.ltrans.o
 .text.chSysUnlockFromISR.4146.4444
                0x0000000008001b30       0x10 /tmp/ccyNLAmf.ltrans2.ltrans.o
 .text.chVTGetSystemTimeX.4148.4442
                0x0000000008001b40       0x10 /tmp/ccyNLAmf.ltrans2.ltrans.o
 .text.chVTDoTickI.4226.4440
                0x0000000008001b50       0xe0 /tmp/ccyNLAmf.ltrans2.ltrans.o
 .text.chRegSetThreadName.4150.4437
                0x0000000008001c30       0x20 /tmp/ccyNLAmf.ltrans2.ltrans.o
 .text.chRegSetThreadNameX.4154.4433
                0x0000000008001c50       0x10 /tmp/ccyNLAmf.ltrans2.ltrans.o
 .text._idle_thread.4218.4430
                0x0000000008001c60       0x10 /tmp/ccyNLAmf.ltrans2.ltrans.o
 .text.chSysInit
                0x0000000008001c70       0x80 /tmp/ccyNLAmf.ltrans2.ltrans.o
                0x0000000008001c70                chSysInit
 .text.chSysTimerHandlerI
                0x0000000008001cf0       0x10 /tmp/ccyNLAmf.ltrans2.ltrans.o
                0x0000000008001cf0                chSysTimerHandlerI
 .text.st_lld_get_counter.4377.4412
                0x0000000008001d00       0x10 /tmp/ccyNLAmf.ltrans2.ltrans.o
 .text.port_timer_start_alarm.4387.4409
                0x0000000008001d10       0x20 /tmp/ccyNLAmf.ltrans2.ltrans.o
 .text.port_timer_stop_alarm.4393.4407
                0x0000000008001d30       0x10 /tmp/ccyNLAmf.ltrans2.ltrans.o
 .text.port_timer_set_alarm.4390.4404
                0x0000000008001d40       0x20 /tmp/ccyNLAmf.ltrans2.ltrans.o
 .text.port_timer_get_time.4383.4402
                0x0000000008001d60       0x10 /tmp/ccyNLAmf.ltrans2.ltrans.o
 .text.chVTGetSystemTimeX.4385.4400
                0x0000000008001d70       0x10 /tmp/ccyNLAmf.ltrans2.ltrans.o
 .text._vt_init.4398
                0x0000000008001d80       0x30 /tmp/ccyNLAmf.ltrans2.ltrans.o
 .text.chVTDoSetI.4392
                0x0000000008001db0      0x140 /tmp/ccyNLAmf.ltrans2.ltrans.o
 .text.chVTDoResetI.4388
                0x0000000008001ef0       0xf0 /tmp/ccyNLAmf.ltrans2.ltrans.o
 .text.port_lock.4537.4386
                0x0000000008001fe0       0x10 /tmp/ccyNLAmf.ltrans2.ltrans.o
 .text.port_unlock.4540.4384
                0x0000000008001ff0       0x10 /tmp/ccyNLAmf.ltrans2.ltrans.o
 .text.port_lock_from_isr.4542.4382
                0x0000000008002000       0x10 /tmp/ccyNLAmf.ltrans2.ltrans.o
 .text.port_unlock_from_isr.4544.4380
                0x0000000008002010       0x10 /tmp/ccyNLAmf.ltrans2.ltrans.o
 .text.queue_init.4546.4377
                0x0000000008002020       0x20 /tmp/ccyNLAmf.ltrans2.ltrans.o
 .text.chSysLockFromISR.4615.4373
                0x0000000008002040       0x10 /tmp/ccyNLAmf.ltrans2.ltrans.o
 .text.chSysUnlockFromISR.4617.4371
                0x0000000008002050       0x10 /tmp/ccyNLAmf.ltrans2.ltrans.o
 .text.chVTIsArmedI.4619.4360
                0x0000000008002060       0x20 /tmp/ccyNLAmf.ltrans2.ltrans.o
 .text.chSemFastSignalI.4633.4357
                0x0000000008002080       0x20 /tmp/ccyNLAmf.ltrans2.ltrans.o
 .text._scheduler_init.4355
                0x00000000080020a0       0x30 /tmp/ccyNLAmf.ltrans2.ltrans.o
 .text.queue_insert.4347
                0x00000000080020d0       0x30 /tmp/ccyNLAmf.ltrans2.ltrans.o
 .text.queue_fifo_remove
                0x0000000008002100       0x30 /tmp/ccyNLAmf.ltrans2.ltrans.o
                0x0000000008002100                queue_fifo_remove
 .text.queue_dequeue
                0x0000000008002130       0x20 /tmp/ccyNLAmf.ltrans2.ltrans.o
                0x0000000008002130                queue_dequeue
 .text.list_remove.4331
                0x0000000008002150       0x20 /tmp/ccyNLAmf.ltrans2.ltrans.o
 .text.chSchReadyI
                0x0000000008002170       0x50 /tmp/ccyNLAmf.ltrans2.ltrans.o
                0x0000000008002170                chSchReadyI
 .text.chSchGoSleepS
                0x00000000080021c0       0x50 /tmp/ccyNLAmf.ltrans2.ltrans.o
                0x00000000080021c0                chSchGoSleepS
 .text.wakeup.4666.4322
                0x0000000008002210       0x60 /tmp/ccyNLAmf.ltrans2.ltrans.o
 .text.chSchGoSleepTimeoutS
                0x0000000008002270       0x80 /tmp/ccyNLAmf.ltrans2.ltrans.o
                0x0000000008002270                chSchGoSleepTimeoutS
 .text.chSchWakeupS
                0x00000000080022f0       0x60 /tmp/ccyNLAmf.ltrans2.ltrans.o
                0x00000000080022f0                chSchWakeupS
 .text.chSchIsPreemptionRequired
                0x0000000008002350       0x30 /tmp/ccyNLAmf.ltrans2.ltrans.o
                0x0000000008002350                chSchIsPreemptionRequired
 .text.chSchDoRescheduleAhead.4306
                0x0000000008002380       0x70 /tmp/ccyNLAmf.ltrans2.ltrans.o
 .text.chSchDoReschedule
                0x00000000080023f0       0x10 /tmp/ccyNLAmf.ltrans2.ltrans.o
                0x00000000080023f0                chSchDoReschedule
 .text.port_lock.4742.4302
                0x0000000008002400       0x10 /tmp/ccyNLAmf.ltrans2.ltrans.o
 .text.port_unlock.4745.4300
                0x0000000008002410       0x10 /tmp/ccyNLAmf.ltrans2.ltrans.o
 .text.list_init.4754.4293
                0x0000000008002420       0x10 /tmp/ccyNLAmf.ltrans2.ltrans.o
 .text.list_notempty.4820.4290
                0x0000000008002430       0x20 /tmp/ccyNLAmf.ltrans2.ltrans.o
 .text.queue_notempty.4824.4287
                0x0000000008002450       0x20 /tmp/ccyNLAmf.ltrans2.ltrans.o
 .text.chSysLock.4829.4281
                0x0000000008002470       0x10 /tmp/ccyNLAmf.ltrans2.ltrans.o
 .text.chSysUnlock.4831.4279
                0x0000000008002480       0x10 /tmp/ccyNLAmf.ltrans2.ltrans.o
 .text.chThdDoDequeueNextI.4850.4260
                0x0000000008002490       0x30 /tmp/ccyNLAmf.ltrans2.ltrans.o
 .text._thread_init.4256
                0x00000000080024c0       0x60 /tmp/ccyNLAmf.ltrans2.ltrans.o
 .text.chThdCreateI.4248
                0x0000000008002520       0x50 /tmp/ccyNLAmf.ltrans2.ltrans.o
 .text.chThdCreateStatic.4239
                0x0000000008002570       0x40 /tmp/ccyNLAmf.ltrans2.ltrans.o
 .text.chThdExit
                0x00000000080025b0       0x20 /tmp/ccyNLAmf.ltrans2.ltrans.o
                0x00000000080025b0                chThdExit
 .text.chThdExitS.4212
                0x00000000080025d0       0x70 /tmp/ccyNLAmf.ltrans2.ltrans.o
 .text.chThdEnqueueTimeoutS
                0x0000000008002640       0x50 /tmp/ccyNLAmf.ltrans2.ltrans.o
                0x0000000008002640                chThdEnqueueTimeoutS
 .text.chThdDequeueNextI
                0x0000000008002690       0x30 /tmp/ccyNLAmf.ltrans2.ltrans.o
                0x0000000008002690                chThdDequeueNextI
 .text.queue_init.5370.4099
                0x00000000080026c0       0x20 /tmp/ccyNLAmf.ltrans2.ltrans.o
 .text.chMtxObjectInit
                0x00000000080026e0       0x20 /tmp/ccyNLAmf.ltrans2.ltrans.o
                0x00000000080026e0                chMtxObjectInit
 *(.rodata)
 .rodata        0x0000000008002700        0x8 /tmp/ccyNLAmf.ltrans2.ltrans.o
 *(.rodata.*)
 *fill*         0x0000000008002708        0x8 
 .rodata.ch_debug
                0x0000000008002710       0x18 /tmp/ccyNLAmf.ltrans0.ltrans.o
                0x0000000008002710                ch_debug
 *fill*         0x0000000008002728        0x8 
 .rodata.vmt.6507
                0x0000000008002730       0x20 /tmp/ccyNLAmf.ltrans0.ltrans.o
                0x0000000008002730                vmt.6507
 .rodata.default_config.6942.4464
                0x0000000008002750       0x10 /tmp/ccyNLAmf.ltrans0.ltrans.o
 .rodata.pal_default_config
                0x0000000008002760       0x70 /tmp/ccyNLAmf.ltrans0.ltrans.o
                0x0000000008002760                pal_default_config
 .rodata.wakeup.4666.4322
                0x00000000080027d0       0x20 /tmp/ccyNLAmf.ltrans2.ltrans.o
 *(.glue_7t)
 .glue_7t       0x00000000080027f0        0x0 linker stubs
 *(.glue_7)
 .glue_7        0x00000000080027f0        0x0 linker stubs
 *(.gcc*)

.vfp11_veneer   0x00000000080027f0        0x0
 .vfp11_veneer  0x00000000080027f0        0x0 linker stubs

.v4_bx          0x00000000080027f0        0x0
 .v4_bx         0x00000000080027f0        0x0 linker stubs

.iplt           0x00000000080027f0        0x0
 .iplt          0x00000000080027f0        0x0 build/obj/crt0_v6m.o

.rel.dyn        0x00000000080027f0        0x0
 .rel.iplt      0x00000000080027f0        0x0 build/obj/crt0_v6m.o

.ARM.extab
 *(.ARM.extab* .gnu.linkonce.armextab.*)

.ARM.exidx      0x00000000080027f0        0x0
                0x00000000080027f0                PROVIDE (__exidx_start, .)
 *(.ARM.exidx* .gnu.linkonce.armexidx.*)
                0x00000000080027f0                PROVIDE (__exidx_end, .)

.eh_frame_hdr
 *(.eh_frame_hdr)

.eh_frame
 *(.eh_frame)

.textalign      0x00000000080027f0        0x0
                0x00000000080027f0                . = ALIGN (0x8)
                0x00000000080027f0                . = ALIGN (0x4)
                0x00000000080027f0                _etext = .
                0x00000000080027f0                _textdata = _etext

.mstack         0x0000000020000000      0x200
                0x0000000020000000                . = ALIGN (0x8)
                0x0000000020000000                __main_stack_base__ = .
                0x0000000020000200                . = (. + __main_stack_size__)
 *fill*         0x0000000020000000      0x200 
                0x0000000020000200                . = ALIGN (0x8)
                0x0000000020000200                __main_stack_end__ = .

.pstack         0x0000000020000200      0x100
                0x0000000020000200                __process_stack_base__ = .
                0x0000000020000200                __main_thread_stack_base__ = .
                0x0000000020000300                . = (. + __process_stack_size__)
 *fill*         0x0000000020000200      0x100 
                0x0000000020000300                . = ALIGN (0x8)
                0x0000000020000300                __process_stack_end__ = .
                0x0000000020000300                __main_thread_stack_end__ = .

.data           0x0000000020000300        0x0 load address 0x00000000080027f0
                0x0000000020000300                . = ALIGN (0x4)
                0x0000000020000300                PROVIDE (_data, .)
 *(.data)
 *(.data.*)
 *(.ramtext)
                0x0000000020000300                . = ALIGN (0x4)
                0x0000000020000300                PROVIDE (_edata, .)

.igot.plt       0x0000000020000300        0x0 load address 0x00000000080027f0
 .igot.plt      0x0000000020000300        0x0 build/obj/crt0_v6m.o

.bss            0x0000000020000300      0x3cc load address 0x00000000080027f0
                0x0000000020000300                . = ALIGN (0x4)
                0x0000000020000300                PROVIDE (_bss_start, .)
 *(.bss)
 *(.bss.*)
 .bss.ch        0x0000000020000300      0x128 /tmp/ccyNLAmf.ltrans0.ltrans.o
                0x0000000020000300                ch
 .bss.nextmem.5737
                0x0000000020000428        0x4 /tmp/ccyNLAmf.ltrans0.ltrans.o
                0x0000000020000428                nextmem.5737
 .bss.endmem.5739
                0x000000002000042c        0x4 /tmp/ccyNLAmf.ltrans0.ltrans.o
                0x000000002000042c                endmem.5739
 .bss.default_heap.5914
                0x0000000020000430       0x20 /tmp/ccyNLAmf.ltrans0.ltrans.o
                0x0000000020000430                default_heap.5914
 .bss.SD1.4462  0x0000000020000450       0x7c /tmp/ccyNLAmf.ltrans0.ltrans.o
 .bss.crcTable.4463
                0x00000000200004cc      0x200 /tmp/ccyNLAmf.ltrans0.ltrans.o
 *(COMMON)
                0x00000000200006cc                . = ALIGN (0x4)
                0x00000000200006cc                PROVIDE (_bss_end, .)
                0x00000000200006cc                PROVIDE (end, .)

.ram0           0x00000000200006cc        0x0 load address 0x00000000080027f0
                0x00000000200006cc                . = ALIGN (0x4)
 *(.ram0)
 *(.ram0.*)
                0x00000000200006cc                . = ALIGN (0x4)
                0x00000000200006cc                __ram0_free__ = .

.ram1           0x0000000000000000        0x0
                0x0000000000000000                . = ALIGN (0x4)
 *(.ram1)
 *(.ram1.*)
                0x0000000000000000                . = ALIGN (0x4)
                0x0000000000000000                __ram1_free__ = .

.ram2           0x0000000000000000        0x0
                0x0000000000000000                . = ALIGN (0x4)
 *(.ram2)
 *(.ram2.*)
                0x0000000000000000                . = ALIGN (0x4)
                0x0000000000000000                __ram2_free__ = .

.ram3           0x0000000000000000        0x0
                0x0000000000000000                . = ALIGN (0x4)
 *(.ram3)
 *(.ram3.*)
                0x0000000000000000                . = ALIGN (0x4)
                0x0000000000000000                __ram3_free__ = .

.ram4           0x0000000000000000        0x0
                0x0000000000000000                . = ALIGN (0x4)
 *(.ram4)
 *(.ram4.*)
                0x0000000000000000                . = ALIGN (0x4)
                0x0000000000000000                __ram4_free__ = .

.ram5           0x0000000000000000        0x0
                0x0000000000000000                . = ALIGN (0x4)
 *(.ram5)
 *(.ram5.*)
                0x0000000000000000                . = ALIGN (0x4)
                0x0000000000000000                __ram5_free__ = .

.ram6           0x0000000000000000        0x0
                0x0000000000000000                . = ALIGN (0x4)
 *(.ram6)
 *(.ram6.*)
                0x0000000000000000                . = ALIGN (0x4)
                0x0000000000000000                __ram6_free__ = .

.ram7           0x0000000000000000        0x0
                0x0000000000000000                . = ALIGN (0x4)
 *(.ram7)
 *(.ram7.*)
                0x0000000000000000                . = ALIGN (0x4)
                0x0000000000000000                __ram7_free__ = .

.heap           0x00000000200006cc      0x934
                0x00000000200006d0                . = ALIGN (0x8)
 *fill*         0x00000000200006cc        0x4 
                0x00000000200006d0                __heap_base__ = .
                0x0000000020001000                . = (ORIGIN (HEAP_RAM) + 0x1000)
 *fill*         0x00000000200006d0      0x930 
                0x0000000020001000                __heap_end__ = .
                0x0000000000000100                __process_stack_size__ = 0x100
                0x0000000000000200                __main_stack_size__ = 0x200
START GROUP
LOAD /usr/lib/gcc/arm-none-eabi/4.8/armv6-m/libgcc.a
LOAD /usr/lib/gcc/arm-none-eabi/4.8/../../../arm-none-eabi/lib/armv6-m/libg.a
LOAD /usr/lib/gcc/arm-none-eabi/4.8/../../../arm-none-eabi/lib/armv6-m/libc.a
END GROUP
OUTPUT(build/ch.elf elf32-littlearm)

.ARM.attributes
                0x0000000000000000       0x2b
 .ARM.attributes
                0x0000000000000000       0x21 build/obj/crt0_v6m.o
 .ARM.attributes
                0x0000000000000021       0x21 build/obj/chcoreasm_v6m.o
 .ARM.attributes
                0x0000000000000042       0x2f /tmp/ccyNLAmf.ltrans0.ltrans.o
 .ARM.attributes
                0x0000000000000071       0x2f /tmp/ccyNLAmf.ltrans1.ltrans.o
 .ARM.attributes
                0x00000000000000a0       0x2f /tmp/ccyNLAmf.ltrans2.ltrans.o
 .ARM.attributes
                0x00000000000000cf       0x1e /usr/lib/gcc/arm-none-eabi/4.8/armv6-m/libgcc.a(_udivsi3.o)
 .ARM.attributes
                0x00000000000000ed       0x1e /usr/lib/gcc/arm-none-eabi/4.8/armv6-m/libgcc.a(_dvmd_tls.o)

.comment        0x0000000000000000       0x2d
 .comment       0x0000000000000000       0x2d /tmp/ccyNLAmf.ltrans0.ltrans.o
                                         0x2e (size before relaxing)
 .comment       0x000000000000002d       0x2e /tmp/ccyNLAmf.ltrans1.ltrans.o
 .comment       0x000000000000002d       0x2e /tmp/ccyNLAmf.ltrans2.ltrans.o

.debug_info     0x0000000000000000     0x5967
 .debug_info    0x0000000000000000     0x18cf /tmp/ccyNLAmf.ltrans0.ltrans.o
 .debug_info    0x00000000000018cf     0x203d /tmp/ccyNLAmf.ltrans1.ltrans.o
 .debug_info    0x000000000000390c     0x1ed3 /tmp/ccyNLAmf.ltrans2.ltrans.o
 .debug_info    0x00000000000057df       0xc4 /usr/lib/gcc/arm-none-eabi/4.8/armv6-m/libgcc.a(_udivsi3.o)
 .debug_info    0x00000000000058a3       0xc4 /usr/lib/gcc/arm-none-eabi/4.8/armv6-m/libgcc.a(_dvmd_tls.o)

.debug_abbrev   0x0000000000000000      0xd33
 .debug_abbrev  0x0000000000000000      0x40e /tmp/ccyNLAmf.ltrans0.ltrans.o
 .debug_abbrev  0x000000000000040e      0x495 /tmp/ccyNLAmf.ltrans1.ltrans.o
 .debug_abbrev  0x00000000000008a3      0x468 /tmp/ccyNLAmf.ltrans2.ltrans.o
 .debug_abbrev  0x0000000000000d0b       0x14 /usr/lib/gcc/arm-none-eabi/4.8/armv6-m/libgcc.a(_udivsi3.o)
 .debug_abbrev  0x0000000000000d1f       0x14 /usr/lib/gcc/arm-none-eabi/4.8/armv6-m/libgcc.a(_dvmd_tls.o)

.debug_aranges  0x0000000000000000      0x9a8
 .debug_aranges
                0x0000000000000000      0x1b0 /tmp/ccyNLAmf.ltrans0.ltrans.o
 .debug_aranges
                0x00000000000001b0      0x330 /tmp/ccyNLAmf.ltrans1.ltrans.o
 .debug_aranges
                0x00000000000004e0      0x488 /tmp/ccyNLAmf.ltrans2.ltrans.o
 .debug_aranges
                0x0000000000000968       0x20 /usr/lib/gcc/arm-none-eabi/4.8/armv6-m/libgcc.a(_udivsi3.o)
 .debug_aranges
                0x0000000000000988       0x20 /usr/lib/gcc/arm-none-eabi/4.8/armv6-m/libgcc.a(_dvmd_tls.o)

.debug_ranges   0x0000000000000000      0x938
 .debug_ranges  0x0000000000000000      0x1a0 /tmp/ccyNLAmf.ltrans0.ltrans.o
 .debug_ranges  0x00000000000001a0      0x320 /tmp/ccyNLAmf.ltrans1.ltrans.o
 .debug_ranges  0x00000000000004c0      0x478 /tmp/ccyNLAmf.ltrans2.ltrans.o

.debug_line     0x0000000000000000     0x28a3
 .debug_line    0x0000000000000000      0x9f1 /tmp/ccyNLAmf.ltrans0.ltrans.o
 .debug_line    0x00000000000009f1      0xd8e /tmp/ccyNLAmf.ltrans1.ltrans.o
 .debug_line    0x000000000000177f     0x1045 /tmp/ccyNLAmf.ltrans2.ltrans.o
 .debug_line    0x00000000000027c4       0x7b /usr/lib/gcc/arm-none-eabi/4.8/armv6-m/libgcc.a(_udivsi3.o)
 .debug_line    0x000000000000283f       0x64 /usr/lib/gcc/arm-none-eabi/4.8/armv6-m/libgcc.a(_dvmd_tls.o)

.debug_str      0x0000000000000000     0x199a
 .debug_str     0x0000000000000000      0xc39 /tmp/ccyNLAmf.ltrans0.ltrans.o
                                        0xced (size before relaxing)
 .debug_str     0x0000000000000c39      0x550 /tmp/ccyNLAmf.ltrans1.ltrans.o
                                        0xb5a (size before relaxing)
 .debug_str     0x0000000000001189      0x811 /tmp/ccyNLAmf.ltrans2.ltrans.o
                                        0xc93 (size before relaxing)

.debug_frame    0x0000000000000000     0x19b8
 .debug_frame   0x0000000000000000      0x498 /tmp/ccyNLAmf.ltrans0.ltrans.o
 .debug_frame   0x0000000000000498      0x8c0 /tmp/ccyNLAmf.ltrans1.ltrans.o
 .debug_frame   0x0000000000000d58      0xc40 /tmp/ccyNLAmf.ltrans2.ltrans.o
 .debug_frame   0x0000000000001998       0x20 /usr/lib/gcc/arm-none-eabi/4.8/armv6-m/libgcc.a(_udivsi3.o)

Cross Reference Table

Symbol                                            File
BusFault_Handler                                  /tmp/ccyNLAmf.ltrans2.ltrans.o
                                                  build/obj/vectors.o (symbol from plugin)
                                                  /tmp/ccyNLAmf.ltrans0.ltrans.o
DebugMon_Handler                                  /tmp/ccyNLAmf.ltrans2.ltrans.o
                                                  build/obj/vectors.o (symbol from plugin)
                                                  /tmp/ccyNLAmf.ltrans0.ltrans.o
HardFault_Handler                                 /tmp/ccyNLAmf.ltrans2.ltrans.o
                                                  build/obj/vectors.o (symbol from plugin)
                                                  /tmp/ccyNLAmf.ltrans0.ltrans.o
MemManage_Handler                                 /tmp/ccyNLAmf.ltrans2.ltrans.o
                                                  build/obj/vectors.o (symbol from plugin)
                                                  /tmp/ccyNLAmf.ltrans0.ltrans.o
NMI_Handler                                       /tmp/ccyNLAmf.ltrans1.ltrans.o
                                                  build/obj/chcore_v6m.o (symbol from plugin)
                                                  build/obj/vectors.o (symbol from plugin)
                                                  /tmp/ccyNLAmf.ltrans0.ltrans.o
PendSV_Handler                                    /tmp/ccyNLAmf.ltrans2.ltrans.o
                                                  build/obj/vectors.o (symbol from plugin)
                                                  /tmp/ccyNLAmf.ltrans0.ltrans.o
Reset_Handler                                     build/obj/crt0_v6m.o
                                                  /tmp/ccyNLAmf.ltrans0.ltrans.o
SD1                                               build/obj/serial_lld.o (symbol from plugin)
                                                  build/obj/main.o (symbol from plugin)
SVC_Handler                                       /tmp/ccyNLAmf.ltrans2.ltrans.o
                                                  build/obj/vectors.o (symbol from plugin)
                                                  /tmp/ccyNLAmf.ltrans0.ltrans.o
SysTick_Handler                                   /tmp/ccyNLAmf.ltrans2.ltrans.o
                                                  build/obj/vectors.o (symbol from plugin)
                                                  /tmp/ccyNLAmf.ltrans0.ltrans.o
SystemCoreClock                                   build/obj/hal_lld.o (symbol from plugin)
UsageFault_Handler                                /tmp/ccyNLAmf.ltrans2.ltrans.o
                                                  build/obj/vectors.o (symbol from plugin)
                                                  /tmp/ccyNLAmf.ltrans0.ltrans.o
Vector1C                                          /tmp/ccyNLAmf.ltrans2.ltrans.o
                                                  build/obj/vectors.o (symbol from plugin)
                                                  /tmp/ccyNLAmf.ltrans0.ltrans.o
Vector20                                          /tmp/ccyNLAmf.ltrans2.ltrans.o
                                                  build/obj/vectors.o (symbol from plugin)
                                                  /tmp/ccyNLAmf.ltrans0.ltrans.o
Vector24                                          /tmp/ccyNLAmf.ltrans2.ltrans.o
                                                  build/obj/vectors.o (symbol from plugin)
                                                  /tmp/ccyNLAmf.ltrans0.ltrans.o
Vector28                                          /tmp/ccyNLAmf.ltrans2.ltrans.o
                                                  build/obj/vectors.o (symbol from plugin)
                                                  /tmp/ccyNLAmf.ltrans0.ltrans.o
Vector34                                          /tmp/ccyNLAmf.ltrans2.ltrans.o
                                                  build/obj/vectors.o (symbol from plugin)
                                                  /tmp/ccyNLAmf.ltrans0.ltrans.o
Vector40                                          /tmp/ccyNLAmf.ltrans2.ltrans.o
                                                  build/obj/vectors.o (symbol from plugin)
                                                  /tmp/ccyNLAmf.ltrans0.ltrans.o
Vector44                                          /tmp/ccyNLAmf.ltrans2.ltrans.o
                                                  build/obj/vectors.o (symbol from plugin)
                                                  /tmp/ccyNLAmf.ltrans0.ltrans.o
Vector48                                          /tmp/ccyNLAmf.ltrans2.ltrans.o
                                                  build/obj/vectors.o (symbol from plugin)
                                                  /tmp/ccyNLAmf.ltrans0.ltrans.o
Vector4C                                          /tmp/ccyNLAmf.ltrans2.ltrans.o
                                                  build/obj/vectors.o (symbol from plugin)
                                                  /tmp/ccyNLAmf.ltrans0.ltrans.o
Vector50                                          /tmp/ccyNLAmf.ltrans2.ltrans.o
                                                  build/obj/vectors.o (symbol from plugin)
                                                  /tmp/ccyNLAmf.ltrans0.ltrans.o
Vector54                                          /tmp/ccyNLAmf.ltrans2.ltrans.o
                                                  build/obj/vectors.o (symbol from plugin)
                                                  /tmp/ccyNLAmf.ltrans0.ltrans.o
Vector58                                          /tmp/ccyNLAmf.ltrans2.ltrans.o
                                                  build/obj/vectors.o (symbol from plugin)
                                                  /tmp/ccyNLAmf.ltrans0.ltrans.o
Vector5C                                          /tmp/ccyNLAmf.ltrans2.ltrans.o
                                                  build/obj/vectors.o (symbol from plugin)
                                                  /tmp/ccyNLAmf.ltrans0.ltrans.o
Vector60                                          /tmp/ccyNLAmf.ltrans2.ltrans.o
                                                  build/obj/vectors.o (symbol from plugin)
                                                  /tmp/ccyNLAmf.ltrans0.ltrans.o
Vector64                                          /tmp/ccyNLAmf.ltrans2.ltrans.o
                                                  build/obj/vectors.o (symbol from plugin)
                                                  /tmp/ccyNLAmf.ltrans0.ltrans.o
Vector68                                          /tmp/ccyNLAmf.ltrans2.ltrans.o
                                                  build/obj/vectors.o (symbol from plugin)
                                                  /tmp/ccyNLAmf.ltrans0.ltrans.o
Vector6C                                          /tmp/ccyNLAmf.ltrans2.ltrans.o
                                                  build/obj/vectors.o (symbol from plugin)
                                                  /tmp/ccyNLAmf.ltrans0.ltrans.o
Vector70                                          /tmp/ccyNLAmf.ltrans2.ltrans.o
                                                  build/obj/vectors.o (symbol from plugin)
                                                  /tmp/ccyNLAmf.ltrans0.ltrans.o
Vector74                                          /tmp/ccyNLAmf.ltrans2.ltrans.o
                                                  build/obj/vectors.o (symbol from plugin)
                                                  /tmp/ccyNLAmf.ltrans0.ltrans.o
Vector78                                          /tmp/ccyNLAmf.ltrans2.ltrans.o
                                                  build/obj/vectors.o (symbol from plugin)
                                                  /tmp/ccyNLAmf.ltrans0.ltrans.o
Vector7C                                          /tmp/ccyNLAmf.ltrans2.ltrans.o
                                                  build/obj/vectors.o (symbol from plugin)
                                                  /tmp/ccyNLAmf.ltrans0.ltrans.o
Vector80                                          build/obj/st_lld.o (symbol from plugin)
                                                  build/obj/vectors.o (symbol from plugin)
Vector84                                          /tmp/ccyNLAmf.ltrans2.ltrans.o
                                                  build/obj/vectors.o (symbol from plugin)
                                                  /tmp/ccyNLAmf.ltrans0.ltrans.o
Vector88                                          /tmp/ccyNLAmf.ltrans2.ltrans.o
                                                  build/obj/vectors.o (symbol from plugin)
                                                  /tmp/ccyNLAmf.ltrans0.ltrans.o
Vector8C                                          /tmp/ccyNLAmf.ltrans2.ltrans.o
                                                  build/obj/vectors.o (symbol from plugin)
                                                  /tmp/ccyNLAmf.ltrans0.ltrans.o
Vector90                                          /tmp/ccyNLAmf.ltrans2.ltrans.o
                                                  build/obj/vectors.o (symbol from plugin)
                                                  /tmp/ccyNLAmf.ltrans0.ltrans.o
Vector94                                          /tmp/ccyNLAmf.ltrans2.ltrans.o
                                                  build/obj/vectors.o (symbol from plugin)
                                                  /tmp/ccyNLAmf.ltrans0.ltrans.o
Vector98                                          /tmp/ccyNLAmf.ltrans2.ltrans.o
                                                  build/obj/vectors.o (symbol from plugin)
                                                  /tmp/ccyNLAmf.ltrans0.ltrans.o
Vector9C                                          /tmp/ccyNLAmf.ltrans2.ltrans.o
                                                  build/obj/vectors.o (symbol from plugin)
                                                  /tmp/ccyNLAmf.ltrans0.ltrans.o
VectorA0                                          /tmp/ccyNLAmf.ltrans2.ltrans.o
                                                  build/obj/vectors.o (symbol from plugin)
                                                  /tmp/ccyNLAmf.ltrans0.ltrans.o
VectorA4                                          /tmp/ccyNLAmf.ltrans2.ltrans.o
                                                  build/obj/vectors.o (symbol from plugin)
                                                  /tmp/ccyNLAmf.ltrans0.ltrans.o
VectorA8                                          /tmp/ccyNLAmf.ltrans2.ltrans.o
                                                  build/obj/vectors.o (symbol from plugin)
                                                  /tmp/ccyNLAmf.ltrans0.ltrans.o
VectorAC                                          build/obj/serial_lld.o (symbol from plugin)
                                                  build/obj/vectors.o (symbol from plugin)
VectorB0                                          /tmp/ccyNLAmf.ltrans2.ltrans.o
                                                  build/obj/vectors.o (symbol from plugin)
                                                  /tmp/ccyNLAmf.ltrans0.ltrans.o
VectorB4                                          /tmp/ccyNLAmf.ltrans2.ltrans.o
                                                  build/obj/vectors.o (symbol from plugin)
                                                  /tmp/ccyNLAmf.ltrans0.ltrans.o
VectorB8                                          /tmp/ccyNLAmf.ltrans2.ltrans.o
                                                  build/obj/vectors.o (symbol from plugin)
                                                  /tmp/ccyNLAmf.ltrans0.ltrans.o
VectorBC                                          /tmp/ccyNLAmf.ltrans2.ltrans.o
                                                  build/obj/vectors.o (symbol from plugin)
                                                  /tmp/ccyNLAmf.ltrans0.ltrans.o
__aeabi_idiv0                                     /usr/lib/gcc/arm-none-eabi/4.8/armv6-m/libgcc.a(_dvmd_tls.o)
                                                  /usr/lib/gcc/arm-none-eabi/4.8/armv6-m/libgcc.a(_udivsi3.o)
__aeabi_ldiv0                                     /usr/lib/gcc/arm-none-eabi/4.8/armv6-m/libgcc.a(_dvmd_tls.o)
__aeabi_uidiv                                     /usr/lib/gcc/arm-none-eabi/4.8/armv6-m/libgcc.a(_udivsi3.o)
                                                  /tmp/ccyNLAmf.ltrans0.ltrans.o
__aeabi_uidivmod                                  /usr/lib/gcc/arm-none-eabi/4.8/armv6-m/libgcc.a(_udivsi3.o)
__core_init                                       /tmp/ccyNLAmf.ltrans2.ltrans.o
                                                  build/obj/crt1.o (symbol from plugin)
                                                  build/obj/crt0_v6m.o
__default_exit                                    /tmp/ccyNLAmf.ltrans2.ltrans.o
                                                  build/obj/crt1.o (symbol from plugin)
                                                  build/obj/crt0_v6m.o
__early_init                                      /tmp/ccyNLAmf.ltrans0.ltrans.o
                                                  build/obj/board.o (symbol from plugin)
                                                  build/obj/crt1.o (symbol from plugin)
                                                  build/obj/crt0_v6m.o
__fini_array_end                                  build/obj/crt0_v6m.o
__fini_array_start                                build/obj/crt0_v6m.o
__heap_base__                                     /tmp/ccyNLAmf.ltrans1.ltrans.o
                                                  build/obj/chmemcore.o (symbol from plugin)
__heap_end__                                      /tmp/ccyNLAmf.ltrans1.ltrans.o
                                                  build/obj/chmemcore.o (symbol from plugin)
__init_array_end                                  build/obj/crt0_v6m.o
__init_array_start                                build/obj/crt0_v6m.o
__late_init                                       /tmp/ccyNLAmf.ltrans2.ltrans.o
                                                  build/obj/crt1.o (symbol from plugin)
                                                  build/obj/crt0_v6m.o
__main_stack_base__                               build/obj/crt0_v6m.o
__main_stack_end__                                /tmp/ccyNLAmf.ltrans0.ltrans.o
                                                  build/obj/vectors.o (symbol from plugin)
                                                  build/obj/crt0_v6m.o
__process_stack_base__                            build/obj/crt0_v6m.o
__process_stack_end__                             build/obj/crt0_v6m.o
__udivsi3                                         /usr/lib/gcc/arm-none-eabi/4.8/armv6-m/libgcc.a(_udivsi3.o)
_bss_end                                          build/obj/crt0_v6m.o
_bss_start                                        build/obj/crt0_v6m.o
_core_init                                        /tmp/ccyNLAmf.ltrans1.ltrans.o
                                                  build/obj/chmemcore.o (symbol from plugin)
                                                  /tmp/ccyNLAmf.ltrans2.ltrans.o
                                                  build/obj/chsys.o (symbol from plugin)
_data                                             build/obj/crt0_v6m.o
_edata                                            build/obj/crt0_v6m.o
_heap_init                                        /tmp/ccyNLAmf.ltrans1.ltrans.o
                                                  build/obj/chheap.o (symbol from plugin)
                                                  /tmp/ccyNLAmf.ltrans2.ltrans.o
                                                  build/obj/chsys.o (symbol from plugin)
_pal_lld_init                                     /tmp/ccyNLAmf.ltrans0.ltrans.o
                                                  build/obj/pal_lld.o (symbol from plugin)
                                                  /tmp/ccyNLAmf.ltrans1.ltrans.o
                                                  build/obj/hal.o (symbol from plugin)
_pal_lld_setgroupmode                             /tmp/ccyNLAmf.ltrans0.ltrans.o
                                                  build/obj/pal_lld.o (symbol from plugin)
                                                  /tmp/ccyNLAmf.ltrans1.ltrans.o
                                                  build/obj/main.o (symbol from plugin)
                                                  build/obj/pal.o (symbol from plugin)
_port_exit_from_isr                               build/obj/chcoreasm_v6m.o
                                                  /tmp/ccyNLAmf.ltrans1.ltrans.o
                                                  build/obj/chcore_v6m.o (symbol from plugin)
_port_irq_epilogue                                /tmp/ccyNLAmf.ltrans1.ltrans.o
                                                  build/obj/chcore_v6m.o (symbol from plugin)
                                                  /tmp/ccyNLAmf.ltrans0.ltrans.o
                                                  build/obj/serial_lld.o (symbol from plugin)
                                                  build/obj/st_lld.o (symbol from plugin)
_port_switch                                      build/obj/chcoreasm_v6m.o
                                                  /tmp/ccyNLAmf.ltrans2.ltrans.o
                                                  build/obj/chschd.o (symbol from plugin)
_port_switch_from_isr                             build/obj/chcoreasm_v6m.o
                                                  /tmp/ccyNLAmf.ltrans1.ltrans.o
                                                  build/obj/chcore_v6m.o (symbol from plugin)
_port_thread_start                                build/obj/chcoreasm_v6m.o
                                                  /tmp/ccyNLAmf.ltrans2.ltrans.o
                                                  build/obj/chthreads.o (symbol from plugin)
_scheduler_init                                   build/obj/chschd.o (symbol from plugin)
                                                  build/obj/chsys.o (symbol from plugin)
_textdata                                         build/obj/crt0_v6m.o
_thread_init                                      build/obj/chthreads.o (symbol from plugin)
                                                  build/obj/chsys.o (symbol from plugin)
_unhandled_exception                              build/obj/vectors.o (symbol from plugin)
_vectors                                          /tmp/ccyNLAmf.ltrans0.ltrans.o
                                                  build/obj/vectors.o (symbol from plugin)
_vt_init                                          build/obj/chvt.o (symbol from plugin)
                                                  build/obj/chsys.o (symbol from plugin)
boardInit                                         /tmp/ccyNLAmf.ltrans0.ltrans.o
                                                  build/obj/board.o (symbol from plugin)
                                                  /tmp/ccyNLAmf.ltrans1.ltrans.o
                                                  build/obj/hal.o (symbol from plugin)
ch                                                /tmp/ccyNLAmf.ltrans0.ltrans.o
                                                  build/obj/chschd.o (symbol from plugin)
                                                  /tmp/ccyNLAmf.ltrans2.ltrans.o
                                                  /tmp/ccyNLAmf.ltrans1.ltrans.o
                                                  build/obj/chcond.o (symbol from plugin)
                                                  build/obj/chmtx.o (symbol from plugin)
                                                  build/obj/chsem.o (symbol from plugin)
                                                  build/obj/chregistry.o (symbol from plugin)
                                                  build/obj/chthreads.o (symbol from plugin)
                                                  build/obj/chvt.o (symbol from plugin)
                                                  build/obj/chsys.o (symbol from plugin)
chCondBroadcast                                   build/obj/chcond.o (symbol from plugin)
chCondBroadcastI                                  build/obj/chcond.o (symbol from plugin)
chCondObjectInit                                  build/obj/chcond.o (symbol from plugin)
chCondSignal                                      build/obj/chcond.o (symbol from plugin)
chCondSignalI                                     build/obj/chcond.o (symbol from plugin)
chCondWait                                        build/obj/chcond.o (symbol from plugin)
chCondWaitS                                       build/obj/chcond.o (symbol from plugin)
chCondWaitTimeout                                 build/obj/chcond.o (symbol from plugin)
chCondWaitTimeoutS                                build/obj/chcond.o (symbol from plugin)
chCoreAlloc                                       build/obj/chmemcore.o (symbol from plugin)
                                                  build/obj/chheap.o (symbol from plugin)
chCoreAllocI                                      build/obj/chmemcore.o (symbol from plugin)
chCoreGetStatusX                                  build/obj/chmemcore.o (symbol from plugin)
chHeapAlloc                                       build/obj/chheap.o (symbol from plugin)
chHeapFree                                        build/obj/chheap.o (symbol from plugin)
chHeapObjectInit                                  build/obj/chheap.o (symbol from plugin)
chHeapStatus                                      build/obj/chheap.o (symbol from plugin)
chMtxLock                                         /tmp/ccyNLAmf.ltrans2.ltrans.o
                                                  build/obj/chmtx.o (symbol from plugin)
                                                  /tmp/ccyNLAmf.ltrans1.ltrans.o
                                                  build/obj/chheap.o (symbol from plugin)
chMtxLockS                                        /tmp/ccyNLAmf.ltrans1.ltrans.o
                                                  build/obj/chmtx.o (symbol from plugin)
                                                  /tmp/ccyNLAmf.ltrans2.ltrans.o
                                                  build/obj/chcond.o (symbol from plugin)
chMtxObjectInit                                   /tmp/ccyNLAmf.ltrans2.ltrans.o
                                                  build/obj/chmtx.o (symbol from plugin)
                                                  /tmp/ccyNLAmf.ltrans1.ltrans.o
                                                  build/obj/chheap.o (symbol from plugin)
chMtxQueueNotEmptyS.5444                          /tmp/ccyNLAmf.ltrans2.ltrans.o
                                                  /tmp/ccyNLAmf.ltrans1.ltrans.o
chMtxTryLock                                      build/obj/chmtx.o (symbol from plugin)
chMtxTryLockS                                     build/obj/chmtx.o (symbol from plugin)
chMtxUnlock                                       build/obj/chmtx.o (symbol from plugin)
                                                  build/obj/chheap.o (symbol from plugin)
chMtxUnlockAll                                    build/obj/chmtx.o (symbol from plugin)
chMtxUnlockS                                      build/obj/chmtx.o (symbol from plugin)
                                                  build/obj/chcond.o (symbol from plugin)
chRegFirstThread                                  build/obj/chregistry.o (symbol from plugin)
chRegNextThread                                   build/obj/chregistry.o (symbol from plugin)
chSchDoReschedule                                 /tmp/ccyNLAmf.ltrans2.ltrans.o
                                                  build/obj/chschd.o (symbol from plugin)
                                                  build/obj/chcoreasm_v6m.o
chSchDoRescheduleAhead                            build/obj/chschd.o (symbol from plugin)
chSchDoRescheduleBehind                           build/obj/chschd.o (symbol from plugin)
                                                  build/obj/chthreads.o (symbol from plugin)
chSchGoSleepS                                     /tmp/ccyNLAmf.ltrans2.ltrans.o
                                                  build/obj/chschd.o (symbol from plugin)
                                                  /tmp/ccyNLAmf.ltrans1.ltrans.o
                                                  build/obj/chcond.o (symbol from plugin)
                                                  build/obj/chmtx.o (symbol from plugin)
                                                  build/obj/chsem.o (symbol from plugin)
                                                  build/obj/chthreads.o (symbol from plugin)
chSchGoSleepTimeoutS                              /tmp/ccyNLAmf.ltrans2.ltrans.o
                                                  build/obj/chschd.o (symbol from plugin)
                                                  /tmp/ccyNLAmf.ltrans1.ltrans.o
                                                  build/obj/chcond.o (symbol from plugin)
                                                  build/obj/chsem.o (symbol from plugin)
                                                  build/obj/chthreads.o (symbol from plugin)
chSchIsPreemptionRequired                         /tmp/ccyNLAmf.ltrans2.ltrans.o
                                                  build/obj/chschd.o (symbol from plugin)
                                                  /tmp/ccyNLAmf.ltrans1.ltrans.o
                                                  build/obj/chcore_v6m.o (symbol from plugin)
chSchReadyI                                       /tmp/ccyNLAmf.ltrans2.ltrans.o
                                                  build/obj/chschd.o (symbol from plugin)
                                                  /tmp/ccyNLAmf.ltrans1.ltrans.o
                                                  build/obj/chcond.o (symbol from plugin)
                                                  build/obj/chmtx.o (symbol from plugin)
                                                  build/obj/chsem.o (symbol from plugin)
                                                  build/obj/chthreads.o (symbol from plugin)
chSchRescheduleS                                  /tmp/ccyNLAmf.ltrans2.ltrans.o
                                                  build/obj/chschd.o (symbol from plugin)
                                                  /tmp/ccyNLAmf.ltrans1.ltrans.o
                                                  build/obj/serial.o (symbol from plugin)
                                                  build/obj/chcond.o (symbol from plugin)
                                                  build/obj/chmtx.o (symbol from plugin)
                                                  build/obj/chsem.o (symbol from plugin)
                                                  build/obj/chthreads.o (symbol from plugin)
                                                  build/obj/chsys.o (symbol from plugin)
chSchWakeupS                                      /tmp/ccyNLAmf.ltrans2.ltrans.o
                                                  build/obj/chschd.o (symbol from plugin)
                                                  /tmp/ccyNLAmf.ltrans1.ltrans.o
                                                  build/obj/chcond.o (symbol from plugin)
                                                  build/obj/chsem.o (symbol from plugin)
                                                  build/obj/chthreads.o (symbol from plugin)
chSemAddCounterI                                  build/obj/chsem.o (symbol from plugin)
chSemObjectInit                                   build/obj/chsem.o (symbol from plugin)
chSemReset                                        build/obj/chsem.o (symbol from plugin)
chSemResetI                                       build/obj/chsem.o (symbol from plugin)
chSemSignal                                       build/obj/chsem.o (symbol from plugin)
chSemSignalI                                      build/obj/chsem.o (symbol from plugin)
chSemSignalWait                                   build/obj/chsem.o (symbol from plugin)
chSemWait                                         build/obj/chsem.o (symbol from plugin)
chSemWaitS                                        build/obj/chsem.o (symbol from plugin)
chSemWaitTimeout                                  build/obj/chsem.o (symbol from plugin)
chSemWaitTimeoutS                                 build/obj/chsem.o (symbol from plugin)
chSysGetStatusAndLockX                            build/obj/chsys.o (symbol from plugin)
chSysHalt                                         build/obj/chsys.o (symbol from plugin)
chSysInit                                         /tmp/ccyNLAmf.ltrans2.ltrans.o
                                                  build/obj/chsys.o (symbol from plugin)
                                                  /tmp/ccyNLAmf.ltrans0.ltrans.o
                                                  build/obj/main.o (symbol from plugin)
chSysIntegrityCheckI                              build/obj/chsys.o (symbol from plugin)
chSysLock.5440                                    /tmp/ccyNLAmf.ltrans2.ltrans.o
                                                  /tmp/ccyNLAmf.ltrans1.ltrans.o
chSysRestoreStatusX                               build/obj/chsys.o (symbol from plugin)
chSysTimerHandlerI                                /tmp/ccyNLAmf.ltrans2.ltrans.o
                                                  build/obj/chsys.o (symbol from plugin)
                                                  /tmp/ccyNLAmf.ltrans0.ltrans.o
                                                  build/obj/st_lld.o (symbol from plugin)
chSysUnlock.5442                                  /tmp/ccyNLAmf.ltrans2.ltrans.o
                                                  /tmp/ccyNLAmf.ltrans1.ltrans.o
chThdCreateI                                      build/obj/chthreads.o (symbol from plugin)
chThdCreateStatic                                 build/obj/chthreads.o (symbol from plugin)
                                                  build/obj/chsys.o (symbol from plugin)
chThdDequeueAllI                                  /tmp/ccyNLAmf.ltrans2.ltrans.o
                                                  build/obj/chthreads.o (symbol from plugin)
                                                  /tmp/ccyNLAmf.ltrans1.ltrans.o
                                                  build/obj/hal_queues.o (symbol from plugin)
chThdDequeueNextI                                 /tmp/ccyNLAmf.ltrans2.ltrans.o
                                                  build/obj/chthreads.o (symbol from plugin)
                                                  /tmp/ccyNLAmf.ltrans1.ltrans.o
                                                  build/obj/hal_queues.o (symbol from plugin)
chThdEnqueueTimeoutS                              /tmp/ccyNLAmf.ltrans2.ltrans.o
                                                  build/obj/chthreads.o (symbol from plugin)
                                                  /tmp/ccyNLAmf.ltrans1.ltrans.o
                                                  build/obj/hal_queues.o (symbol from plugin)
chThdExit                                         /tmp/ccyNLAmf.ltrans2.ltrans.o
                                                  build/obj/chthreads.o (symbol from plugin)
                                                  build/obj/chcoreasm_v6m.o
chThdExitS                                        build/obj/chthreads.o (symbol from plugin)
chThdResume                                       build/obj/chthreads.o (symbol from plugin)
chThdResumeI                                      build/obj/chthreads.o (symbol from plugin)
chThdResumeS                                      build/obj/chthreads.o (symbol from plugin)
chThdSetPriority                                  build/obj/chthreads.o (symbol from plugin)
chThdSleep                                        build/obj/chthreads.o (symbol from plugin)
chThdSleepUntil                                   build/obj/chthreads.o (symbol from plugin)
chThdSleepUntilWindowed                           build/obj/chthreads.o (symbol from plugin)
chThdStart                                        build/obj/chthreads.o (symbol from plugin)
chThdSuspendS                                     build/obj/chthreads.o (symbol from plugin)
chThdSuspendTimeoutS                              build/obj/chthreads.o (symbol from plugin)
chThdTerminate                                    build/obj/chthreads.o (symbol from plugin)
chThdWait                                         build/obj/chthreads.o (symbol from plugin)
chThdYield                                        build/obj/chthreads.o (symbol from plugin)
chVTDoResetI                                      build/obj/chvt.o (symbol from plugin)
                                                  build/obj/chschd.o (symbol from plugin)
chVTDoSetI                                        build/obj/chvt.o (symbol from plugin)
                                                  build/obj/chschd.o (symbol from plugin)
ch_debug                                          /tmp/ccyNLAmf.ltrans0.ltrans.o
                                                  build/obj/chregistry.o (symbol from plugin)
                                                  /tmp/ccyNLAmf.ltrans2.ltrans.o
                                                  build/obj/chsys.o (symbol from plugin)
crcFast                                           build/obj/crc.o (symbol from plugin)
                                                  build/obj/main.o (symbol from plugin)
crcInit                                           build/obj/crc.o (symbol from plugin)
crcSlow                                           build/obj/crc.o (symbol from plugin)
crcTable                                          build/obj/crc.o (symbol from plugin)
default_heap.5914                                 /tmp/ccyNLAmf.ltrans0.ltrans.o
                                                  /tmp/ccyNLAmf.ltrans1.ltrans.o
endmem.5739                                       /tmp/ccyNLAmf.ltrans0.ltrans.o
                                                  /tmp/ccyNLAmf.ltrans1.ltrans.o
get.6344                                          /tmp/ccyNLAmf.ltrans1.ltrans.o
                                                  /tmp/ccyNLAmf.ltrans0.ltrans.o
gett.6347                                         /tmp/ccyNLAmf.ltrans1.ltrans.o
                                                  /tmp/ccyNLAmf.ltrans0.ltrans.o
halInit                                           /tmp/ccyNLAmf.ltrans1.ltrans.o
                                                  build/obj/hal.o (symbol from plugin)
                                                  /tmp/ccyNLAmf.ltrans0.ltrans.o
                                                  build/obj/main.o (symbol from plugin)
hal_lld_init                                      /tmp/ccyNLAmf.ltrans0.ltrans.o
                                                  build/obj/hal_lld.o (symbol from plugin)
                                                  /tmp/ccyNLAmf.ltrans1.ltrans.o
                                                  build/obj/hal.o (symbol from plugin)
iqGetTimeout                                      build/obj/hal_queues.o (symbol from plugin)
                                                  build/obj/serial.o (symbol from plugin)
iqObjectInit                                      build/obj/hal_queues.o (symbol from plugin)
                                                  build/obj/serial.o (symbol from plugin)
iqPutI                                            /tmp/ccyNLAmf.ltrans1.ltrans.o
                                                  build/obj/hal_queues.o (symbol from plugin)
                                                  /tmp/ccyNLAmf.ltrans0.ltrans.o
                                                  build/obj/serial.o (symbol from plugin)
iqReadTimeout                                     build/obj/hal_queues.o (symbol from plugin)
                                                  build/obj/serial.o (symbol from plugin)
iqResetI                                          build/obj/hal_queues.o (symbol from plugin)
                                                  build/obj/serial.o (symbol from plugin)
list_insert                                       build/obj/chschd.o (symbol from plugin)
                                                  build/obj/chthreads.o (symbol from plugin)
list_remove                                       build/obj/chschd.o (symbol from plugin)
                                                  build/obj/chthreads.o (symbol from plugin)
main                                              /tmp/ccyNLAmf.ltrans0.ltrans.o
                                                  build/obj/main.o (symbol from plugin)
                                                  build/obj/crt0_v6m.o
nextmem.5737                                      /tmp/ccyNLAmf.ltrans0.ltrans.o
                                                  /tmp/ccyNLAmf.ltrans1.ltrans.o
nvicClearPending                                  build/obj/nvic.o (symbol from plugin)
nvicDisableVector                                 build/obj/nvic.o (symbol from plugin)
nvicEnableVector                                  build/obj/nvic.o (symbol from plugin)
                                                  build/obj/serial_lld.o (symbol from plugin)
                                                  build/obj/st_lld.o (symbol from plugin)
nvicSetSystemHandlerPriority                      build/obj/nvic.o (symbol from plugin)
oqGetI                                            /tmp/ccyNLAmf.ltrans1.ltrans.o
                                                  build/obj/hal_queues.o (symbol from plugin)
                                                  /tmp/ccyNLAmf.ltrans0.ltrans.o
                                                  build/obj/serial_lld.o (symbol from plugin)
                                                  build/obj/serial.o (symbol from plugin)
oqObjectInit                                      build/obj/hal_queues.o (symbol from plugin)
                                                  build/obj/serial.o (symbol from plugin)
oqPutTimeout                                      build/obj/hal_queues.o (symbol from plugin)
                                                  build/obj/serial.o (symbol from plugin)
oqResetI                                          build/obj/hal_queues.o (symbol from plugin)
                                                  build/obj/serial.o (symbol from plugin)
oqWriteTimeout                                    /tmp/ccyNLAmf.ltrans1.ltrans.o
                                                  build/obj/hal_queues.o (symbol from plugin)
                                                  /tmp/ccyNLAmf.ltrans0.ltrans.o
                                                  build/obj/main.o (symbol from plugin)
                                                  build/obj/serial.o (symbol from plugin)
osalEventBroadcastFlagsI.6300                     /tmp/ccyNLAmf.ltrans1.ltrans.o
                                                  /tmp/ccyNLAmf.ltrans0.ltrans.o
osalSysLock.6287                                  /tmp/ccyNLAmf.ltrans1.ltrans.o
                                                  /tmp/ccyNLAmf.ltrans0.ltrans.o
osalSysUnlock.6289                                /tmp/ccyNLAmf.ltrans1.ltrans.o
                                                  /tmp/ccyNLAmf.ltrans0.ltrans.o
palReadBus                                        build/obj/pal.o (symbol from plugin)
palSetBusMode                                     build/obj/pal.o (symbol from plugin)
palWriteBus                                       build/obj/pal.o (symbol from plugin)
pal_default_config                                /tmp/ccyNLAmf.ltrans0.ltrans.o
                                                  build/obj/board.o (symbol from plugin)
                                                  /tmp/ccyNLAmf.ltrans1.ltrans.o
                                                  build/obj/hal.o (symbol from plugin)
put.6332                                          /tmp/ccyNLAmf.ltrans1.ltrans.o
                                                  /tmp/ccyNLAmf.ltrans0.ltrans.o
putt.6339                                         /tmp/ccyNLAmf.ltrans1.ltrans.o
                                                  /tmp/ccyNLAmf.ltrans0.ltrans.o
queue_dequeue                                     /tmp/ccyNLAmf.ltrans2.ltrans.o
                                                  build/obj/chschd.o (symbol from plugin)
                                                  /tmp/ccyNLAmf.ltrans1.ltrans.o
                                                  build/obj/chmtx.o (symbol from plugin)
queue_fifo_remove                                 /tmp/ccyNLAmf.ltrans2.ltrans.o
                                                  build/obj/chschd.o (symbol from plugin)
                                                  /tmp/ccyNLAmf.ltrans1.ltrans.o
                                                  build/obj/chcond.o (symbol from plugin)
                                                  build/obj/chmtx.o (symbol from plugin)
                                                  build/obj/chsem.o (symbol from plugin)
                                                  build/obj/chthreads.o (symbol from plugin)
queue_insert                                      build/obj/chschd.o (symbol from plugin)
                                                  build/obj/chsem.o (symbol from plugin)
                                                  build/obj/chthreads.o (symbol from plugin)
queue_lifo_remove                                 build/obj/chschd.o (symbol from plugin)
                                                  build/obj/chsem.o (symbol from plugin)
queue_prio_insert                                 /tmp/ccyNLAmf.ltrans2.ltrans.o
                                                  build/obj/chschd.o (symbol from plugin)
                                                  /tmp/ccyNLAmf.ltrans1.ltrans.o
                                                  build/obj/chcond.o (symbol from plugin)
                                                  build/obj/chmtx.o (symbol from plugin)
read.6321                                         /tmp/ccyNLAmf.ltrans1.ltrans.o
                                                  /tmp/ccyNLAmf.ltrans0.ltrans.o
readt.6326                                        /tmp/ccyNLAmf.ltrans1.ltrans.o
                                                  /tmp/ccyNLAmf.ltrans0.ltrans.o
sdGetWouldBlock                                   build/obj/serial.o (symbol from plugin)
sdIncomingDataI                                   build/obj/serial.o (symbol from plugin)
                                                  build/obj/serial_lld.o (symbol from plugin)
sdInit                                            build/obj/serial.o (symbol from plugin)
                                                  build/obj/hal.o (symbol from plugin)
sdObjectInit                                      /tmp/ccyNLAmf.ltrans1.ltrans.o
                                                  build/obj/serial.o (symbol from plugin)
                                                  /tmp/ccyNLAmf.ltrans0.ltrans.o
                                                  build/obj/serial_lld.o (symbol from plugin)
sdPutWouldBlock                                   build/obj/serial.o (symbol from plugin)
sdRequestDataI                                    build/obj/serial.o (symbol from plugin)
sdStart                                           /tmp/ccyNLAmf.ltrans1.ltrans.o
                                                  build/obj/serial.o (symbol from plugin)
                                                  /tmp/ccyNLAmf.ltrans0.ltrans.o
                                                  build/obj/main.o (symbol from plugin)
sdStop                                            build/obj/serial.o (symbol from plugin)
sd_lld_init                                       /tmp/ccyNLAmf.ltrans0.ltrans.o
                                                  build/obj/serial_lld.o (symbol from plugin)
                                                  /tmp/ccyNLAmf.ltrans1.ltrans.o
                                                  build/obj/serial.o (symbol from plugin)
sd_lld_start                                      /tmp/ccyNLAmf.ltrans0.ltrans.o
                                                  build/obj/serial_lld.o (symbol from plugin)
                                                  /tmp/ccyNLAmf.ltrans1.ltrans.o
                                                  build/obj/serial.o (symbol from plugin)
sd_lld_stop                                       /tmp/ccyNLAmf.ltrans0.ltrans.o
                                                  build/obj/serial_lld.o (symbol from plugin)
                                                  /tmp/ccyNLAmf.ltrans1.ltrans.o
                                                  build/obj/serial.o (symbol from plugin)
stGetAlarm                                        build/obj/st.o (symbol from plugin)
stInit                                            build/obj/st.o (symbol from plugin)
                                                  build/obj/hal.o (symbol from plugin)
stSetAlarm                                        /tmp/ccyNLAmf.ltrans1.ltrans.o
                                                  build/obj/st.o (symbol from plugin)
                                                  /tmp/ccyNLAmf.ltrans2.ltrans.o
                                                  build/obj/chvt.o (symbol from plugin)
                                                  build/obj/chsys.o (symbol from plugin)
stStartAlarm                                      /tmp/ccyNLAmf.ltrans1.ltrans.o
                                                  build/obj/st.o (symbol from plugin)
                                                  /tmp/ccyNLAmf.ltrans2.ltrans.o
                                                  build/obj/chvt.o (symbol from plugin)
stStopAlarm                                       /tmp/ccyNLAmf.ltrans1.ltrans.o
                                                  build/obj/st.o (symbol from plugin)
                                                  /tmp/ccyNLAmf.ltrans2.ltrans.o
                                                  build/obj/chvt.o (symbol from plugin)
                                                  build/obj/chsys.o (symbol from plugin)
st_lld_init                                       /tmp/ccyNLAmf.ltrans0.ltrans.o
                                                  build/obj/st_lld.o (symbol from plugin)
                                                  /tmp/ccyNLAmf.ltrans1.ltrans.o
                                                  build/obj/st.o (symbol from plugin)
stm32_clock_init                                  build/obj/hal_lld.o (symbol from plugin)
                                                  build/obj/board.o (symbol from plugin)
vmt.6507                                          /tmp/ccyNLAmf.ltrans0.ltrans.o
                                                  /tmp/ccyNLAmf.ltrans1.ltrans.o
write.6304                                        /tmp/ccyNLAmf.ltrans1.ltrans.o
                                                  /tmp/ccyNLAmf.ltrans0.ltrans.o
writet.6312                                       /tmp/ccyNLAmf.ltrans1.ltrans.o
                                                  /tmp/ccyNLAmf.ltrans0.ltrans.o
