Archive member included to satisfy reference by file (symbol)

/usr/lib/gcc/arm-none-eabi/4.8/armv6-m/libgcc.a(_udivsi3.o)
                              /tmp/cccHO3yf.ltrans0.ltrans.o (__aeabi_uidiv)
/usr/lib/gcc/arm-none-eabi/4.8/armv6-m/libgcc.a(_dvmd_tls.o)
                              /usr/lib/gcc/arm-none-eabi/4.8/armv6-m/libgcc.a(_udivsi3.o) (__aeabi_idiv0)

Discarded input sections

 .data          0x0000000000000000        0x0 build/obj/crt0_v6m.o
 .bss           0x0000000000000000        0x0 build/obj/crt0_v6m.o
 .data          0x0000000000000000        0x0 build/obj/chcoreasm_v6m.o
 .bss           0x0000000000000000        0x0 build/obj/chcoreasm_v6m.o
 .text          0x0000000000000000        0x0 build/obj/crt1.o (symbol from plugin)
 .text          0x0000000000000000        0x0 /tmp/cccHO3yf.ltrans0.ltrans.o
 .data          0x0000000000000000        0x0 /tmp/cccHO3yf.ltrans0.ltrans.o
 .bss           0x0000000000000000        0x0 /tmp/cccHO3yf.ltrans0.ltrans.o
 .text.sdStart.4321
                0x0000000000000000       0x30 /tmp/cccHO3yf.ltrans0.ltrans.o
 .text.sdStop.4318
                0x0000000000000000       0x40 /tmp/cccHO3yf.ltrans0.ltrans.o
 .text.sdRequestDataI.4311
                0x0000000000000000       0x30 /tmp/cccHO3yf.ltrans0.ltrans.o
 .text.sdPutWouldBlock.4308
                0x0000000000000000       0x30 /tmp/cccHO3yf.ltrans0.ltrans.o
 .text.sdGetWouldBlock.4304
                0x0000000000000000       0x30 /tmp/cccHO3yf.ltrans0.ltrans.o
 .text.nvicDisableVector.4297
                0x0000000000000000       0x60 /tmp/cccHO3yf.ltrans0.ltrans.o
 .text.nvicSetSystemHandlerPriority.4293
                0x0000000000000000       0x60 /tmp/cccHO3yf.ltrans0.ltrans.o
 .text.nvicClearPending.4289
                0x0000000000000000       0x30 /tmp/cccHO3yf.ltrans0.ltrans.o
 .data.SystemCoreClock.4502
                0x0000000000000000        0x4 /tmp/cccHO3yf.ltrans0.ltrans.o
 .rodata.default_config.6942.4488
                0x0000000000000000       0x10 /tmp/cccHO3yf.ltrans0.ltrans.o
 .text.usart_init.6863.4182
                0x0000000000000000       0x60 /tmp/cccHO3yf.ltrans0.ltrans.o
 .text.usart_deinit.6915.4179
                0x0000000000000000       0x20 /tmp/cccHO3yf.ltrans0.ltrans.o
 .text.sd_lld_start.4155
                0x0000000000000000       0x50 /tmp/cccHO3yf.ltrans0.ltrans.o
 .text.sd_lld_stop.4021
                0x0000000000000000       0x40 /tmp/cccHO3yf.ltrans0.ltrans.o
 .text          0x0000000000000000        0x0 /tmp/cccHO3yf.ltrans1.ltrans.o
 .data          0x0000000000000000        0x0 /tmp/cccHO3yf.ltrans1.ltrans.o
 .bss           0x0000000000000000        0x0 /tmp/cccHO3yf.ltrans1.ltrans.o
 .text.chMtxLockS
                0x0000000000000000       0xd0 /tmp/cccHO3yf.ltrans1.ltrans.o
 .text.chMtxTryLock.4413
                0x0000000000000000       0x30 /tmp/cccHO3yf.ltrans1.ltrans.o
 .text.chMtxTryLockS.4410
                0x0000000000000000       0x40 /tmp/cccHO3yf.ltrans1.ltrans.o
 .text.chMtxUnlock.4407
                0x0000000000000000       0xb0 /tmp/cccHO3yf.ltrans1.ltrans.o
 .text.chMtxUnlockS.4404
                0x0000000000000000       0xa0 /tmp/cccHO3yf.ltrans1.ltrans.o
 .text.chMtxUnlockAll.4401
                0x0000000000000000       0x90 /tmp/cccHO3yf.ltrans1.ltrans.o
 .text.port_lock.5533.4399
                0x0000000000000000       0x10 /tmp/cccHO3yf.ltrans1.ltrans.o
 .text.port_unlock.5536.4397
                0x0000000000000000       0x10 /tmp/cccHO3yf.ltrans1.ltrans.o
 .text.queue_init.5538.4394
                0x0000000000000000       0x20 /tmp/cccHO3yf.ltrans1.ltrans.o
 .text.queue_notempty.5604.4388
                0x0000000000000000       0x20 /tmp/cccHO3yf.ltrans1.ltrans.o
 .text.chSysLock.5608.4386
                0x0000000000000000       0x10 /tmp/cccHO3yf.ltrans1.ltrans.o
 .text.chSysUnlock.5610.4384
                0x0000000000000000       0x10 /tmp/cccHO3yf.ltrans1.ltrans.o
 .text.chThdGetSelfX.5612.4382
                0x0000000000000000       0x10 /tmp/cccHO3yf.ltrans1.ltrans.o
 .text.chMtxGetNextMutexS.5614.4380
                0x0000000000000000       0x10 /tmp/cccHO3yf.ltrans1.ltrans.o
 .text.chCondObjectInit.4377
                0x0000000000000000       0x20 /tmp/cccHO3yf.ltrans1.ltrans.o
 .text.chCondSignal.4374
                0x0000000000000000       0x40 /tmp/cccHO3yf.ltrans1.ltrans.o
 .text.chCondSignalI.4371
                0x0000000000000000       0x40 /tmp/cccHO3yf.ltrans1.ltrans.o
 .text.chCondBroadcast.4368
                0x0000000000000000       0x20 /tmp/cccHO3yf.ltrans1.ltrans.o
 .text.chCondBroadcastI.4365
                0x0000000000000000       0x40 /tmp/cccHO3yf.ltrans1.ltrans.o
 .text.chCondWait.4362
                0x0000000000000000       0x30 /tmp/cccHO3yf.ltrans1.ltrans.o
 .text.chCondWaitS.4359
                0x0000000000000000       0x50 /tmp/cccHO3yf.ltrans1.ltrans.o
 .text.chCondWaitTimeout.4355
                0x0000000000000000       0x40 /tmp/cccHO3yf.ltrans1.ltrans.o
[...]
Memory Configuration

Name             Origin             Length             Attributes
flash            0x0000000008000000 0x0000000000004000
ram0             0x0000000020000000 0x0000000000001000
ram1             0x0000000000000000 0x0000000000000000
ram2             0x0000000000000000 0x0000000000000000
ram3             0x0000000000000000 0x0000000000000000
ram4             0x0000000000000000 0x0000000000000000
ram5             0x0000000000000000 0x0000000000000000
ram6             0x0000000000000000 0x0000000000000000
ram7             0x0000000000000000 0x0000000000000000
*default*        0x0000000000000000 0xffffffffffffffff

Linker script and memory map

LOAD build/obj/crt0_v6m.o
LOAD build/obj/chcoreasm_v6m.o
LOAD build/obj/crt1.o
LOAD /tmp/cccHO3yf.ltrans0.ltrans.o
LOAD /tmp/cccHO3yf.ltrans1.ltrans.o
LOAD /tmp/cccHO3yf.ltrans2.ltrans.o
LOAD build/obj/vectors.o
LOAD build/obj/chsys.o
LOAD build/obj/chdebug.o
LOAD build/obj/chvt.o
LOAD build/obj/chschd.o
LOAD build/obj/chthreads.o
LOAD build/obj/chregistry.o
LOAD build/obj/chsem.o
LOAD build/obj/chmtx.o
LOAD build/obj/chcond.o
LOAD build/obj/chmemcore.o
LOAD build/obj/chheap.o
LOAD build/obj/chcore.o
LOAD build/obj/chcore_v6m.o
LOAD build/obj/osal.o
LOAD build/obj/hal.o
LOAD build/obj/st.o
LOAD build/obj/hal_queues.o
LOAD build/obj/hal_mmcsd.o
LOAD build/obj/pal.o
LOAD build/obj/serial.o
LOAD build/obj/nvic.o
LOAD build/obj/hal_lld.o
LOAD build/obj/stm32_dma.o
LOAD build/obj/st_lld.o
LOAD build/obj/pal_lld.o
LOAD build/obj/serial_lld.o
LOAD build/obj/board.o
LOAD build/obj/main.o
                0x0000000020000000                __ram0_start__ = ORIGIN (ram0)
                0x0000000000001000                __ram0_size__ = 0x1000
                0x0000000020001000                __ram0_end__ = (__ram0_start__ + __ram0_size__)
                0x0000000000000000                __ram1_start__ = ORIGIN (ram1)
                0x0000000000000000                __ram1_size__ = 0x0
                0x0000000000000000                __ram1_end__ = (__ram1_start__ + __ram1_size__)
                0x0000000000000000                __ram2_start__ = ORIGIN (ram2)
                0x0000000000000000                __ram2_size__ = 0x0
                0x0000000000000000                __ram2_end__ = (__ram2_start__ + __ram2_size__)
                0x0000000000000000                __ram3_start__ = ORIGIN (ram3)
                0x0000000000000000                __ram3_size__ = 0x0
                0x0000000000000000                __ram3_end__ = (__ram3_start__ + __ram3_size__)
                0x0000000000000000                __ram4_start__ = ORIGIN (ram4)
                0x0000000000000000                __ram4_size__ = 0x0
                0x0000000000000000                __ram4_end__ = (__ram4_start__ + __ram4_size__)
                0x0000000000000000                __ram5_start__ = ORIGIN (ram5)
                0x0000000000000000                __ram5_size__ = 0x0
                0x0000000000000000                __ram5_end__ = (__ram5_start__ + __ram5_size__)
                0x0000000000000000                __ram6_start__ = ORIGIN (ram6)
                0x0000000000000000                __ram6_size__ = 0x0
                0x0000000000000000                __ram6_end__ = (__ram6_start__ + __ram6_size__)
                0x0000000000000000                __ram7_start__ = ORIGIN (ram7)
                0x0000000000000000                __ram7_size__ = 0x0
                0x0000000000000000                __ram7_end__ = (__ram7_start__ + __ram7_size__)
                0x0000000000000000                . = 0x0
                0x0000000000000000                _text = .

startup         0x0000000008000000       0xc0
 *(.vectors)
 .vectors       0x0000000008000000       0xc0 /tmp/cccHO3yf.ltrans0.ltrans.o
                0x0000000008000000                _vectors

constructors    0x00000000080000c0        0x0
                0x00000000080000c0                PROVIDE (__init_array_start, .)
 *(SORT(.init_array.*))
 *(.init_array)
                0x00000000080000c0                PROVIDE (__init_array_end, .)

destructors     0x00000000080000c0        0x0
                0x00000000080000c0                PROVIDE (__fini_array_start, .)
 *(.fini_array)
 *(SORT(.fini_array.*))
                0x00000000080000c0                PROVIDE (__fini_array_end, .)

.text           0x00000000080000c0     0x2350
 *(.text)
 .text          0x00000000080000c0       0xc4 build/obj/crt0_v6m.o
                0x00000000080000c0                Reset_Handler
 *fill*         0x0000000008000184        0xc 
 .text          0x0000000008000190       0x40 build/obj/chcoreasm_v6m.o
                0x0000000008000190                _port_switch
                0x00000000080001b0                _port_thread_start
                0x00000000080001bc                _port_switch_from_isr
                0x00000000080001c0                _port_exit_from_isr
 *(.text.*)
 .text.write.6304.4365
                0x00000000080001d0       0x30 /tmp/cccHO3yf.ltrans0.ltrans.o
 .text.read.6321.4360
                0x0000000008000200       0x30 /tmp/cccHO3yf.ltrans0.ltrans.o
 .text.put.6332.4356
                0x0000000008000230       0x40 /tmp/cccHO3yf.ltrans0.ltrans.o
 .text.get.6344.4353
                0x0000000008000270       0x30 /tmp/cccHO3yf.ltrans0.ltrans.o
 .text.putt.6339.4348
                0x00000000080002a0       0x40 /tmp/cccHO3yf.ltrans0.ltrans.o
 .text.gett.6347.4344
                0x00000000080002e0       0x30 /tmp/cccHO3yf.ltrans0.ltrans.o
 .text.writet.6312.4338
                0x0000000008000310       0x30 /tmp/cccHO3yf.ltrans0.ltrans.o
 .text.readt.6326.4332
                0x0000000008000340       0x30 /tmp/cccHO3yf.ltrans0.ltrans.o
 .text.sdInit   0x0000000008000370       0x10 /tmp/cccHO3yf.ltrans0.ltrans.o
                0x0000000008000370                sdInit
 .text.sdObjectInit.4325
                0x0000000008000380       0x60 /tmp/cccHO3yf.ltrans0.ltrans.o
 .text.sdIncomingDataI.4314
                0x00000000080003e0       0x50 /tmp/cccHO3yf.ltrans0.ltrans.o
 .text.nvicEnableVector.4300
                0x0000000008000430       0x90 /tmp/cccHO3yf.ltrans0.ltrans.o
 .text.hal_lld_backup_domain_init.6570.4287
                0x00000000080004c0       0x60 /tmp/cccHO3yf.ltrans0.ltrans.o
 .text.hal_lld_init
                0x0000000008000520       0x60 /tmp/cccHO3yf.ltrans0.ltrans.o
                0x0000000008000520                hal_lld_init
 .text.stm32_clock_init.4282
                0x0000000008000580       0xe0 /tmp/cccHO3yf.ltrans0.ltrans.o
 .text.port_lock.6611.4280
                0x0000000008000660       0x10 /tmp/cccHO3yf.ltrans0.ltrans.o
 .text.port_unlock.6614.4278
                0x0000000008000670       0x10 /tmp/cccHO3yf.ltrans0.ltrans.o
 .text.port_lock_from_isr.6616.4276
                0x0000000008000680       0x10 /tmp/cccHO3yf.ltrans0.ltrans.o
 .text.port_unlock_from_isr.6618.4274
                0x0000000008000690       0x10 /tmp/cccHO3yf.ltrans0.ltrans.o
 .text.chSysLockFromISR.6620.4272
                0x00000000080006a0       0x10 /tmp/cccHO3yf.ltrans0.ltrans.o
 .text.chSysUnlockFromISR.6622.4270
                0x00000000080006b0       0x10 /tmp/cccHO3yf.ltrans0.ltrans.o
 .text.osalSysLockFromISR.6624.4268
                0x00000000080006c0       0x10 /tmp/cccHO3yf.ltrans0.ltrans.o
 .text.osalSysUnlockFromISR.6626.4266
                0x00000000080006d0       0x10 /tmp/cccHO3yf.ltrans0.ltrans.o
 .text.osalOsTimerHandlerI.6628.4264
                0x00000000080006e0       0x10 /tmp/cccHO3yf.ltrans0.ltrans.o
 .text.Vector80.4262
                0x00000000080006f0       0x40 /tmp/cccHO3yf.ltrans0.ltrans.o
 .text.st_lld_init
                0x0000000008000730       0x70 /tmp/cccHO3yf.ltrans0.ltrans.o
                0x0000000008000730                st_lld_init
 .text.initgpio.6689.4254
                0x00000000080007a0       0x50 /tmp/cccHO3yf.ltrans0.ltrans.o
 .text._pal_lld_init
                0x00000000080007f0       0x60 /tmp/cccHO3yf.ltrans0.ltrans.o
                0x00000000080007f0                _pal_lld_init
 .text._pal_lld_setgroupmode
                0x0000000008000850      0x130 /tmp/cccHO3yf.ltrans0.ltrans.o
                0x0000000008000850                _pal_lld_setgroupmode
 .text.port_lock.6760.4204
                0x0000000008000980       0x10 /tmp/cccHO3yf.ltrans0.ltrans.o
 .text.port_unlock.6763.4202
                0x0000000008000990       0x10 /tmp/cccHO3yf.ltrans0.ltrans.o
 .text.port_lock_from_isr.6765.4200
                0x00000000080009a0       0x10 /tmp/cccHO3yf.ltrans0.ltrans.o
 .text.port_unlock_from_isr.6767.4198
                0x00000000080009b0       0x10 /tmp/cccHO3yf.ltrans0.ltrans.o
 .text.chSysLockFromISR.6769.4196
                0x00000000080009c0       0x10 /tmp/cccHO3yf.ltrans0.ltrans.o
 .text.chSysUnlockFromISR.6771.4194
                0x00000000080009d0       0x10 /tmp/cccHO3yf.ltrans0.ltrans.o
 .text.osalSysLockFromISR.6773.4192
                0x00000000080009e0       0x10 /tmp/cccHO3yf.ltrans0.ltrans.o
 .text.osalSysUnlockFromISR.6775.4190
                0x00000000080009f0       0x10 /tmp/cccHO3yf.ltrans0.ltrans.o
 .text.osalEventBroadcastFlagsI.6777.4186
                0x0000000008000a00       0x20 /tmp/cccHO3yf.ltrans0.ltrans.o
 .text.set_error.6918.4175
                0x0000000008000a20       0x70 /tmp/cccHO3yf.ltrans0.ltrans.o
 .text.serve_interrupt.6922.4172
                0x0000000008000a90      0x120 /tmp/cccHO3yf.ltrans0.ltrans.o
 .text.notify1.6787.4167
                0x0000000008000bb0       0x20 /tmp/cccHO3yf.ltrans0.ltrans.o
 .text.VectorAC.4170
                0x0000000008000bd0       0x20 /tmp/cccHO3yf.ltrans0.ltrans.o
 .text.sd_lld_init.4165
                0x0000000008000bf0       0x40 /tmp/cccHO3yf.ltrans0.ltrans.o
 .text.__early_init
                0x0000000008000c30       0x10 /tmp/cccHO3yf.ltrans0.ltrans.o
                0x0000000008000c30                __early_init
 .text.boardInit
                0x0000000008000c40       0x10 /tmp/cccHO3yf.ltrans0.ltrans.o
                0x0000000008000c40                boardInit
 .text.main     0x0000000008000c50       0xb0 /tmp/cccHO3yf.ltrans0.ltrans.o
                0x0000000008000c50                main
 .text.port_lock.5714.4345
                0x0000000008000d00       0x10 /tmp/cccHO3yf.ltrans1.ltrans.o
 .text.port_unlock.5717.4343
                0x0000000008000d10       0x10 /tmp/cccHO3yf.ltrans1.ltrans.o
 .text.chSysLock.5719.4341
                0x0000000008000d20       0x10 /tmp/cccHO3yf.ltrans1.ltrans.o
 .text.chSysUnlock.5721.4339
                0x0000000008000d30       0x10 /tmp/cccHO3yf.ltrans1.ltrans.o
 .text._core_init
                0x0000000008000d40       0x30 /tmp/cccHO3yf.ltrans1.ltrans.o
                0x0000000008000d40                _core_init
 .text.chCoreAlloc.4329
                0x0000000008000d70       0x30 /tmp/cccHO3yf.ltrans1.ltrans.o
 .text.chCoreAllocI.4334
                0x0000000008000da0       0x50 /tmp/cccHO3yf.ltrans1.ltrans.o
 .text._heap_init
                0x0000000008000df0       0x30 /tmp/cccHO3yf.ltrans1.ltrans.o
                0x0000000008000df0                _heap_init
 .text.port_lock.5920.4289
                0x0000000008000e20       0x10 /tmp/cccHO3yf.ltrans1.ltrans.o
 .text.port_unlock.5923.4287
                0x0000000008000e30       0x10 /tmp/cccHO3yf.ltrans1.ltrans.o
 .text.port_lock_from_isr.5925.4285
                0x0000000008000e40       0x10 /tmp/cccHO3yf.ltrans1.ltrans.o
 .text.port_unlock_from_isr.5927.4283
                0x0000000008000e50       0x10 /tmp/cccHO3yf.ltrans1.ltrans.o
 .text.NMI_Handler
                0x0000000008000e60       0x30 /tmp/cccHO3yf.ltrans1.ltrans.o
                0x0000000008000e60                NMI_Handler
 .text._port_irq_epilogue
                0x0000000008000e90       0x60 /tmp/cccHO3yf.ltrans1.ltrans.o
                0x0000000008000e90                _port_irq_epilogue
 .text.osalInit.5962.4273
                0x0000000008000ef0       0x10 /tmp/cccHO3yf.ltrans1.ltrans.o
 .text.halInit  0x0000000008000f00       0x30 /tmp/cccHO3yf.ltrans1.ltrans.o
                0x0000000008000f00                halInit
 .text.st_lld_start_alarm.5990.4267
                0x0000000008000f30       0x30 /tmp/cccHO3yf.ltrans1.ltrans.o
 .text.st_lld_stop_alarm.5997.4265
                0x0000000008000f60       0x10 /tmp/cccHO3yf.ltrans1.ltrans.o
 .text.st_lld_set_alarm.5999.4262
                0x0000000008000f70       0x20 /tmp/cccHO3yf.ltrans1.ltrans.o
 .text.stInit.4258
                0x0000000008000f90       0x10 /tmp/cccHO3yf.ltrans1.ltrans.o
 .text.stStartAlarm
                0x0000000008000fa0       0x20 /tmp/cccHO3yf.ltrans1.ltrans.o
                0x0000000008000fa0                stStartAlarm
 .text.stStopAlarm
                0x0000000008000fc0       0x10 /tmp/cccHO3yf.ltrans1.ltrans.o
                0x0000000008000fc0                stStopAlarm
 .text.stSetAlarm
                0x0000000008000fd0       0x20 /tmp/cccHO3yf.ltrans1.ltrans.o
                0x0000000008000fd0                stSetAlarm
 .text.port_lock.6048.4245
                0x0000000008000ff0       0x10 /tmp/cccHO3yf.ltrans1.ltrans.o
 .text.port_unlock.6051.4243
                0x0000000008001000       0x10 /tmp/cccHO3yf.ltrans1.ltrans.o
 .text.queue_init.6053.4240
                0x0000000008001010       0x20 /tmp/cccHO3yf.ltrans1.ltrans.o
 .text.chSysLock.6119.4238
                0x0000000008001030       0x10 /tmp/cccHO3yf.ltrans1.ltrans.o
 .text.chSysUnlock.6121.4236
                0x0000000008001040       0x10 /tmp/cccHO3yf.ltrans1.ltrans.o
 .text.chThdQueueObjectInit.6123.4233
                0x0000000008001050       0x20 /tmp/cccHO3yf.ltrans1.ltrans.o
 .text.osalSysLock.6126.4231
                0x0000000008001070       0x10 /tmp/cccHO3yf.ltrans1.ltrans.o
 .text.osalSysUnlock.6128.4229
                0x0000000008001080       0x10 /tmp/cccHO3yf.ltrans1.ltrans.o
 .text.osalThreadQueueObjectInit.6130.4226
                0x0000000008001090       0x20 /tmp/cccHO3yf.ltrans1.ltrans.o
 .text.osalThreadEnqueueTimeoutS.6141.4222
                0x00000000080010b0       0x30 /tmp/cccHO3yf.ltrans1.ltrans.o
 .text.osalThreadDequeueNextI.6137.4218
                0x00000000080010e0       0x20 /tmp/cccHO3yf.ltrans1.ltrans.o
 .text.iqObjectInit
                0x0000000008001100       0x50 /tmp/cccHO3yf.ltrans1.ltrans.o
                0x0000000008001100                iqObjectInit
 .text.iqPutI   0x0000000008001150       0x80 /tmp/cccHO3yf.ltrans1.ltrans.o
                0x0000000008001150                iqPutI
 .text.iqGetTimeout
                0x00000000080011d0       0x90 /tmp/cccHO3yf.ltrans1.ltrans.o
                0x00000000080011d0                iqGetTimeout
 .text.iqReadTimeout
                0x0000000008001260       0xb0 /tmp/cccHO3yf.ltrans1.ltrans.o
                0x0000000008001260                iqReadTimeout
 .text.oqObjectInit
                0x0000000008001310       0x50 /tmp/cccHO3yf.ltrans1.ltrans.o
                0x0000000008001310                oqObjectInit
 .text.oqPutTimeout
                0x0000000008001360       0x90 /tmp/cccHO3yf.ltrans1.ltrans.o
                0x0000000008001360                oqPutTimeout
 .text.oqGetI   0x00000000080013f0       0x80 /tmp/cccHO3yf.ltrans1.ltrans.o
                0x00000000080013f0                oqGetI
 .text.oqWriteTimeout
                0x0000000008001470       0xb0 /tmp/cccHO3yf.ltrans1.ltrans.o
                0x0000000008001470                oqWriteTimeout
 .text.osalEventObjectInit.6291
                0x0000000008001520       0x10 /tmp/cccHO3yf.ltrans1.ltrans.o
                0x0000000008001520                osalEventObjectInit.6291
 .text.osalEventBroadcastFlagsI.6300
                0x0000000008001530       0x20 /tmp/cccHO3yf.ltrans1.ltrans.o
                0x0000000008001530                osalEventBroadcastFlagsI.6300
 .text.__core_init
                0x0000000008001550       0x10 /tmp/cccHO3yf.ltrans2.ltrans.o
                0x0000000008001550                __core_init
 .text.__late_init
                0x0000000008001560       0x10 /tmp/cccHO3yf.ltrans2.ltrans.o
                0x0000000008001560                __late_init
 .text.__default_exit
                0x0000000008001570       0x10 /tmp/cccHO3yf.ltrans2.ltrans.o
                0x0000000008001570                __default_exit
 .text._unhandled_exception.4492
                0x0000000008001580       0x10 /tmp/cccHO3yf.ltrans2.ltrans.o
                0x0000000008001580                Vector58
                0x0000000008001580                Vector9C
                0x0000000008001580                DebugMon_Handler
                0x0000000008001580                Vector5C
                0x0000000008001580                HardFault_Handler
                0x0000000008001580                Vector8C
                0x0000000008001580                SysTick_Handler
                0x0000000008001580                PendSV_Handler
                0x0000000008001580                Vector94
                0x0000000008001580                VectorA8
                0x0000000008001580                VectorB4
                0x0000000008001580                Vector74
                0x0000000008001580                UsageFault_Handler
                0x0000000008001580                Vector40
                0x0000000008001580                VectorBC
                0x0000000008001580                Vector64
                0x0000000008001580                Vector54
                0x0000000008001580                Vector98
                0x0000000008001580                Vector24
                0x0000000008001580                Vector84
                0x0000000008001580                MemManage_Handler
                0x0000000008001580                Vector6C
                0x0000000008001580                VectorA0
                0x0000000008001580                SVC_Handler
                0x0000000008001580                Vector7C
                0x0000000008001580                VectorB0
                0x0000000008001580                Vector90
                0x0000000008001580                Vector60
                0x0000000008001580                Vector1C
                0x0000000008001580                Vector48
                0x0000000008001580                Vector70
                0x0000000008001580                Vector4C
                0x0000000008001580                Vector68
                0x0000000008001580                Vector78
                0x0000000008001580                Vector88
                0x0000000008001580                BusFault_Handler
                0x0000000008001580                Vector50
                0x0000000008001580                Vector44
                0x0000000008001580                Vector28
                0x0000000008001580                VectorB8
                0x0000000008001580                Vector34
                0x0000000008001580                VectorA4
                0x0000000008001580                Vector20
 .text.NVIC_SetPriority.4097.4486
                0x0000000008001590       0xf0 /tmp/cccHO3yf.ltrans2.ltrans.o
 .text.port_init.4106.4484
                0x0000000008001680       0x10 /tmp/cccHO3yf.ltrans2.ltrans.o
 .text.port_lock.4117.4475
                0x0000000008001690       0x10 /tmp/cccHO3yf.ltrans2.ltrans.o
 .text.port_unlock.4119.4473
                0x00000000080016a0       0x10 /tmp/cccHO3yf.ltrans2.ltrans.o
 .text.port_lock_from_isr.4121.4471
                0x00000000080016b0       0x10 /tmp/cccHO3yf.ltrans2.ltrans.o
 .text.port_unlock_from_isr.4123.4469
                0x00000000080016c0       0x10 /tmp/cccHO3yf.ltrans2.ltrans.o
 .text.port_enable.4127.4465
                0x00000000080016d0       0x10 /tmp/cccHO3yf.ltrans2.ltrans.o
 .text.port_wait_for_interrupt.4129.4463
                0x00000000080016e0       0x10 /tmp/cccHO3yf.ltrans2.ltrans.o
 .text.st_lld_get_counter.4131.4461
                0x00000000080016f0       0x10 /tmp/cccHO3yf.ltrans2.ltrans.o
 .text.port_timer_stop_alarm.4221.4459
                0x0000000008001700       0x10 /tmp/cccHO3yf.ltrans2.ltrans.o
 .text.port_timer_set_alarm.4223.4456
                0x0000000008001710       0x20 /tmp/cccHO3yf.ltrans2.ltrans.o
 .text.port_timer_get_time.4136.4454
                0x0000000008001730       0x10 /tmp/cccHO3yf.ltrans2.ltrans.o
 .text.chSysEnable.4138.4452
                0x0000000008001740       0x10 /tmp/cccHO3yf.ltrans2.ltrans.o
 .text.chSysLockFromISR.4144.4446
                0x0000000008001750       0x10 /tmp/cccHO3yf.ltrans2.ltrans.o
 .text.chSysUnlockFromISR.4146.4444
                0x0000000008001760       0x10 /tmp/cccHO3yf.ltrans2.ltrans.o
 .text.chVTGetSystemTimeX.4148.4442
                0x0000000008001770       0x10 /tmp/cccHO3yf.ltrans2.ltrans.o
 .text.chVTDoTickI.4226.4440
                0x0000000008001780       0xe0 /tmp/cccHO3yf.ltrans2.ltrans.o
 .text.chRegSetThreadName.4150.4437
                0x0000000008001860       0x20 /tmp/cccHO3yf.ltrans2.ltrans.o
 .text.chRegSetThreadNameX.4154.4433
                0x0000000008001880       0x10 /tmp/cccHO3yf.ltrans2.ltrans.o
 .text._idle_thread.4218.4430
                0x0000000008001890       0x10 /tmp/cccHO3yf.ltrans2.ltrans.o
 .text.chSysInit
                0x00000000080018a0       0x80 /tmp/cccHO3yf.ltrans2.ltrans.o
                0x00000000080018a0                chSysInit
 .text.chSysTimerHandlerI
                0x0000000008001920       0x10 /tmp/cccHO3yf.ltrans2.ltrans.o
                0x0000000008001920                chSysTimerHandlerI
 .text.st_lld_get_counter.4377.4412
                0x0000000008001930       0x10 /tmp/cccHO3yf.ltrans2.ltrans.o
 .text.port_timer_start_alarm.4387.4409
                0x0000000008001940       0x20 /tmp/cccHO3yf.ltrans2.ltrans.o
 .text.port_timer_stop_alarm.4393.4407
                0x0000000008001960       0x10 /tmp/cccHO3yf.ltrans2.ltrans.o
 .text.port_timer_set_alarm.4390.4404
                0x0000000008001970       0x20 /tmp/cccHO3yf.ltrans2.ltrans.o
 .text.port_timer_get_time.4383.4402
                0x0000000008001990       0x10 /tmp/cccHO3yf.ltrans2.ltrans.o
 .text.chVTGetSystemTimeX.4385.4400
                0x00000000080019a0       0x10 /tmp/cccHO3yf.ltrans2.ltrans.o
 .text._vt_init.4398
                0x00000000080019b0       0x30 /tmp/cccHO3yf.ltrans2.ltrans.o
 .text.chVTDoSetI.4392
                0x00000000080019e0      0x140 /tmp/cccHO3yf.ltrans2.ltrans.o
 .text.chVTDoResetI.4388
                0x0000000008001b20       0xf0 /tmp/cccHO3yf.ltrans2.ltrans.o
 .text.port_lock.4537.4386
                0x0000000008001c10       0x10 /tmp/cccHO3yf.ltrans2.ltrans.o
 .text.port_unlock.4540.4384
                0x0000000008001c20       0x10 /tmp/cccHO3yf.ltrans2.ltrans.o
 .text.port_lock_from_isr.4542.4382
                0x0000000008001c30       0x10 /tmp/cccHO3yf.ltrans2.ltrans.o
 .text.port_unlock_from_isr.4544.4380
                0x0000000008001c40       0x10 /tmp/cccHO3yf.ltrans2.ltrans.o
 .text.queue_init.4546.4377
                0x0000000008001c50       0x20 /tmp/cccHO3yf.ltrans2.ltrans.o
 .text.chSysLockFromISR.4615.4373
                0x0000000008001c70       0x10 /tmp/cccHO3yf.ltrans2.ltrans.o
 .text.chSysUnlockFromISR.4617.4371
                0x0000000008001c80       0x10 /tmp/cccHO3yf.ltrans2.ltrans.o
 .text.chVTIsArmedI.4619.4360
                0x0000000008001c90       0x20 /tmp/cccHO3yf.ltrans2.ltrans.o
 .text.chSemFastSignalI.4633.4357
                0x0000000008001cb0       0x20 /tmp/cccHO3yf.ltrans2.ltrans.o
 .text._scheduler_init.4355
                0x0000000008001cd0       0x30 /tmp/cccHO3yf.ltrans2.ltrans.o
 .text.queue_insert.4347
                0x0000000008001d00       0x30 /tmp/cccHO3yf.ltrans2.ltrans.o
 .text.queue_fifo_remove
                0x0000000008001d30       0x30 /tmp/cccHO3yf.ltrans2.ltrans.o
                0x0000000008001d30                queue_fifo_remove
 .text.queue_dequeue
                0x0000000008001d60       0x20 /tmp/cccHO3yf.ltrans2.ltrans.o
                0x0000000008001d60                queue_dequeue
 .text.list_remove.4331
                0x0000000008001d80       0x20 /tmp/cccHO3yf.ltrans2.ltrans.o
 .text.chSchReadyI
                0x0000000008001da0       0x50 /tmp/cccHO3yf.ltrans2.ltrans.o
                0x0000000008001da0                chSchReadyI
 .text.chSchGoSleepS
                0x0000000008001df0       0x50 /tmp/cccHO3yf.ltrans2.ltrans.o
                0x0000000008001df0                chSchGoSleepS
 .text.wakeup.4666.4322
                0x0000000008001e40       0x60 /tmp/cccHO3yf.ltrans2.ltrans.o
 .text.chSchGoSleepTimeoutS
                0x0000000008001ea0       0x80 /tmp/cccHO3yf.ltrans2.ltrans.o
                0x0000000008001ea0                chSchGoSleepTimeoutS
 .text.chSchWakeupS
                0x0000000008001f20       0x60 /tmp/cccHO3yf.ltrans2.ltrans.o
                0x0000000008001f20                chSchWakeupS
 .text.chSchIsPreemptionRequired
                0x0000000008001f80       0x30 /tmp/cccHO3yf.ltrans2.ltrans.o
                0x0000000008001f80                chSchIsPreemptionRequired
 .text.chSchDoRescheduleAhead.4306
                0x0000000008001fb0       0x70 /tmp/cccHO3yf.ltrans2.ltrans.o
 .text.chSchDoReschedule
                0x0000000008002020       0x10 /tmp/cccHO3yf.ltrans2.ltrans.o
                0x0000000008002020                chSchDoReschedule
 .text.port_lock.4742.4302
                0x0000000008002030       0x10 /tmp/cccHO3yf.ltrans2.ltrans.o
 .text.port_unlock.4745.4300
                0x0000000008002040       0x10 /tmp/cccHO3yf.ltrans2.ltrans.o
 .text.list_init.4754.4293
                0x0000000008002050       0x10 /tmp/cccHO3yf.ltrans2.ltrans.o
 .text.list_notempty.4820.4290
                0x0000000008002060       0x20 /tmp/cccHO3yf.ltrans2.ltrans.o
 .text.queue_notempty.4824.4287
                0x0000000008002080       0x20 /tmp/cccHO3yf.ltrans2.ltrans.o
 .text.chSysLock.4829.4281
                0x00000000080020a0       0x10 /tmp/cccHO3yf.ltrans2.ltrans.o
 .text.chSysUnlock.4831.4279
                0x00000000080020b0       0x10 /tmp/cccHO3yf.ltrans2.ltrans.o
 .text.chThdDoDequeueNextI.4850.4260
                0x00000000080020c0       0x30 /tmp/cccHO3yf.ltrans2.ltrans.o
 .text._thread_init.4256
                0x00000000080020f0       0x60 /tmp/cccHO3yf.ltrans2.ltrans.o
 .text.chThdCreateI.4248
                0x0000000008002150       0x50 /tmp/cccHO3yf.ltrans2.ltrans.o
 .text.chThdCreateStatic.4239
                0x00000000080021a0       0x40 /tmp/cccHO3yf.ltrans2.ltrans.o
 .text.chThdExit
                0x00000000080021e0       0x20 /tmp/cccHO3yf.ltrans2.ltrans.o
                0x00000000080021e0                chThdExit
 .text.chThdExitS.4212
                0x0000000008002200       0x70 /tmp/cccHO3yf.ltrans2.ltrans.o
 .text.chThdEnqueueTimeoutS
                0x0000000008002270       0x50 /tmp/cccHO3yf.ltrans2.ltrans.o
                0x0000000008002270                chThdEnqueueTimeoutS
 .text.chThdDequeueNextI
                0x00000000080022c0       0x30 /tmp/cccHO3yf.ltrans2.ltrans.o
                0x00000000080022c0                chThdDequeueNextI
 .text.queue_init.5370.4099
                0x00000000080022f0       0x20 /tmp/cccHO3yf.ltrans2.ltrans.o
 .text.chMtxObjectInit
                0x0000000008002310       0x20 /tmp/cccHO3yf.ltrans2.ltrans.o
                0x0000000008002310                chMtxObjectInit
 *(.rodata)
 .rodata        0x0000000008002330        0x8 /tmp/cccHO3yf.ltrans2.ltrans.o
 *(.rodata.*)
 *fill*         0x0000000008002338        0x8 
 .rodata.ch_debug
                0x0000000008002340       0x18 /tmp/cccHO3yf.ltrans0.ltrans.o
                0x0000000008002340                ch_debug
 *fill*         0x0000000008002358        0x8 
 .rodata.vmt.6507.4489
                0x0000000008002360       0x20 /tmp/cccHO3yf.ltrans0.ltrans.o
 .rodata.pal_default_config
                0x0000000008002380       0x70 /tmp/cccHO3yf.ltrans0.ltrans.o
                0x0000000008002380                pal_default_config
 .rodata.wakeup.4666.4322
                0x00000000080023f0       0x20 /tmp/cccHO3yf.ltrans2.ltrans.o
 *(.glue_7t)
 .glue_7t       0x0000000008002410        0x0 linker stubs
 *(.glue_7)
 .glue_7        0x0000000008002410        0x0 linker stubs
 *(.gcc*)

.vfp11_veneer   0x0000000008002410        0x0
 .vfp11_veneer  0x0000000008002410        0x0 linker stubs

.v4_bx          0x0000000008002410        0x0
 .v4_bx         0x0000000008002410        0x0 linker stubs

.iplt           0x0000000008002410        0x0
 .iplt          0x0000000008002410        0x0 build/obj/crt0_v6m.o

.rel.dyn        0x0000000008002410        0x0
 .rel.iplt      0x0000000008002410        0x0 build/obj/crt0_v6m.o

.ARM.extab
 *(.ARM.extab* .gnu.linkonce.armextab.*)

.ARM.exidx      0x0000000008002410        0x0
                0x0000000008002410                PROVIDE (__exidx_start, .)
 *(.ARM.exidx* .gnu.linkonce.armexidx.*)
                0x0000000008002410                PROVIDE (__exidx_end, .)

.eh_frame_hdr
 *(.eh_frame_hdr)

.eh_frame
 *(.eh_frame)

.textalign      0x0000000008002410        0x0
                0x0000000008002410                . = ALIGN (0x8)
                0x0000000008002410                . = ALIGN (0x4)
                0x0000000008002410                _etext = .
                0x0000000008002410                _textdata = _etext

.mstack         0x0000000020000000      0x200
                0x0000000020000000                . = ALIGN (0x8)
                0x0000000020000000                __main_stack_base__ = .
                0x0000000020000200                . = (. + __main_stack_size__)
 *fill*         0x0000000020000000      0x200 
                0x0000000020000200                . = ALIGN (0x8)
                0x0000000020000200                __main_stack_end__ = .

.pstack         0x0000000020000200      0x100
                0x0000000020000200                __process_stack_base__ = .
                0x0000000020000200                __main_thread_stack_base__ = .
                0x0000000020000300                . = (. + __process_stack_size__)
 *fill*         0x0000000020000200      0x100 
                0x0000000020000300                . = ALIGN (0x8)
                0x0000000020000300                __process_stack_end__ = .
                0x0000000020000300                __main_thread_stack_end__ = .

.data           0x0000000020000300        0x0 load address 0x0000000008002410
                0x0000000020000300                . = ALIGN (0x4)
                0x0000000020000300                PROVIDE (_data, .)
 *(.data)
 *(.data.*)
 *(.ramtext)
                0x0000000020000300                . = ALIGN (0x4)
                0x0000000020000300                PROVIDE (_edata, .)

.igot.plt       0x0000000020000300        0x0 load address 0x0000000008002410
 .igot.plt      0x0000000020000300        0x0 build/obj/crt0_v6m.o

.bss            0x0000000020000300      0x1cc load address 0x0000000008002410
                0x0000000020000300                . = ALIGN (0x4)
                0x0000000020000300                PROVIDE (_bss_start, .)
 *(.bss)
 *(.bss.*)
 .bss.ch        0x0000000020000300      0x128 /tmp/cccHO3yf.ltrans0.ltrans.o
                0x0000000020000300                ch
 .bss.nextmem.5737
                0x0000000020000428        0x4 /tmp/cccHO3yf.ltrans0.ltrans.o
                0x0000000020000428                nextmem.5737
 .bss.endmem.5739
                0x000000002000042c        0x4 /tmp/cccHO3yf.ltrans0.ltrans.o
                0x000000002000042c                endmem.5739
 .bss.default_heap.5914
                0x0000000020000430       0x20 /tmp/cccHO3yf.ltrans0.ltrans.o
                0x0000000020000430                default_heap.5914
 .bss.SD1.4487  0x0000000020000450       0x7c /tmp/cccHO3yf.ltrans0.ltrans.o
 *(COMMON)
                0x00000000200004cc                . = ALIGN (0x4)
                0x00000000200004cc                PROVIDE (_bss_end, .)
                0x00000000200004cc                PROVIDE (end, .)

.ram0           0x00000000200004cc        0x0 load address 0x0000000008002410
                0x00000000200004cc                . = ALIGN (0x4)
 *(.ram0)
 *(.ram0.*)
                0x00000000200004cc                . = ALIGN (0x4)
                0x00000000200004cc                __ram0_free__ = .

.ram1           0x0000000000000000        0x0
                0x0000000000000000                . = ALIGN (0x4)
 *(.ram1)
 *(.ram1.*)
                0x0000000000000000                . = ALIGN (0x4)
                0x0000000000000000                __ram1_free__ = .

.ram2           0x0000000000000000        0x0
                0x0000000000000000                . = ALIGN (0x4)
 *(.ram2)
 *(.ram2.*)
                0x0000000000000000                . = ALIGN (0x4)
                0x0000000000000000                __ram2_free__ = .

.ram3           0x0000000000000000        0x0
                0x0000000000000000                . = ALIGN (0x4)
 *(.ram3)
 *(.ram3.*)
                0x0000000000000000                . = ALIGN (0x4)
                0x0000000000000000                __ram3_free__ = .

.ram4           0x0000000000000000        0x0
                0x0000000000000000                . = ALIGN (0x4)
 *(.ram4)
 *(.ram4.*)
                0x0000000000000000                . = ALIGN (0x4)
                0x0000000000000000                __ram4_free__ = .

.ram5           0x0000000000000000        0x0
                0x0000000000000000                . = ALIGN (0x4)
 *(.ram5)
 *(.ram5.*)
                0x0000000000000000                . = ALIGN (0x4)
                0x0000000000000000                __ram5_free__ = .

.ram6           0x0000000000000000        0x0
                0x0000000000000000                . = ALIGN (0x4)
 *(.ram6)
 *(.ram6.*)
                0x0000000000000000                . = ALIGN (0x4)
                0x0000000000000000                __ram6_free__ = .

.ram7           0x0000000000000000        0x0
                0x0000000000000000                . = ALIGN (0x4)
 *(.ram7)
 *(.ram7.*)
                0x0000000000000000                . = ALIGN (0x4)
                0x0000000000000000                __ram7_free__ = .

.heap           0x00000000200004cc      0xb34
                0x00000000200004d0                . = ALIGN (0x8)
 *fill*         0x00000000200004cc        0x4 
                0x00000000200004d0                __heap_base__ = .
                0x0000000020001000                . = (ORIGIN (HEAP_RAM) + 0x1000)
 *fill*         0x00000000200004d0      0xb30 
                0x0000000020001000                __heap_end__ = .
                0x0000000000000100                __process_stack_size__ = 0x100
                0x0000000000000200                __main_stack_size__ = 0x200
START GROUP
LOAD /usr/lib/gcc/arm-none-eabi/4.8/armv6-m/libgcc.a
LOAD /usr/lib/gcc/arm-none-eabi/4.8/../../../arm-none-eabi/lib/armv6-m/libg.a
LOAD /usr/lib/gcc/arm-none-eabi/4.8/../../../arm-none-eabi/lib/armv6-m/libc.a
END GROUP
OUTPUT(build/ch.elf elf32-littlearm)

.ARM.attributes
                0x0000000000000000       0x2b
 .ARM.attributes
                0x0000000000000000       0x21 build/obj/crt0_v6m.o
 .ARM.attributes
                0x0000000000000021       0x21 build/obj/chcoreasm_v6m.o
 .ARM.attributes
                0x0000000000000042       0x2f /tmp/cccHO3yf.ltrans0.ltrans.o
 .ARM.attributes
                0x0000000000000071       0x2f /tmp/cccHO3yf.ltrans1.ltrans.o
 .ARM.attributes
                0x00000000000000a0       0x2f /tmp/cccHO3yf.ltrans2.ltrans.o

.comment        0x0000000000000000       0x2d
 .comment       0x0000000000000000       0x2d /tmp/cccHO3yf.ltrans0.ltrans.o
                                         0x2e (size before relaxing)
 .comment       0x000000000000002d       0x2e /tmp/cccHO3yf.ltrans1.ltrans.o
 .comment       0x000000000000002d       0x2e /tmp/cccHO3yf.ltrans2.ltrans.o

.debug_info     0x0000000000000000     0x5285
 .debug_info    0x0000000000000000     0x19aa /tmp/cccHO3yf.ltrans0.ltrans.o
 .debug_info    0x00000000000019aa     0x1a08 /tmp/cccHO3yf.ltrans1.ltrans.o
 .debug_info    0x00000000000033b2     0x1ed3 /tmp/cccHO3yf.ltrans2.ltrans.o

.debug_abbrev   0x0000000000000000      0xca6
 .debug_abbrev  0x0000000000000000      0x3d4 /tmp/cccHO3yf.ltrans0.ltrans.o
 .debug_abbrev  0x00000000000003d4      0x46a /tmp/cccHO3yf.ltrans1.ltrans.o
 .debug_abbrev  0x000000000000083e      0x468 /tmp/cccHO3yf.ltrans2.ltrans.o

.debug_aranges  0x0000000000000000      0x940
 .debug_aranges
                0x0000000000000000      0x1e8 /tmp/cccHO3yf.ltrans0.ltrans.o
 .debug_aranges
                0x00000000000001e8      0x2d0 /tmp/cccHO3yf.ltrans1.ltrans.o
 .debug_aranges
                0x00000000000004b8      0x488 /tmp/cccHO3yf.ltrans2.ltrans.o

.debug_ranges   0x0000000000000000      0x910
 .debug_ranges  0x0000000000000000      0x1d8 /tmp/cccHO3yf.ltrans0.ltrans.o
 .debug_ranges  0x00000000000001d8      0x2c0 /tmp/cccHO3yf.ltrans1.ltrans.o
 .debug_ranges  0x0000000000000498      0x478 /tmp/cccHO3yf.ltrans2.ltrans.o

.debug_line     0x0000000000000000     0x266b
 .debug_line    0x0000000000000000      0xa1e /tmp/cccHO3yf.ltrans0.ltrans.o
 .debug_line    0x0000000000000a1e      0xc08 /tmp/cccHO3yf.ltrans1.ltrans.o
 .debug_line    0x0000000000001626     0x1045 /tmp/cccHO3yf.ltrans2.ltrans.o

.debug_str      0x0000000000000000     0x18e2
 .debug_str     0x0000000000000000      0xbde /tmp/cccHO3yf.ltrans0.ltrans.o
                                        0xc92 (size before relaxing)
 .debug_str     0x0000000000000bde      0x4f3 /tmp/cccHO3yf.ltrans1.ltrans.o
                                        0xa35 (size before relaxing)
 .debug_str     0x00000000000010d1      0x811 /tmp/cccHO3yf.ltrans2.ltrans.o
                                        0xc93 (size before relaxing)

.debug_frame    0x0000000000000000     0x1924
 .debug_frame   0x0000000000000000      0x544 /tmp/cccHO3yf.ltrans0.ltrans.o
 .debug_frame   0x0000000000000544      0x7a0 /tmp/cccHO3yf.ltrans1.ltrans.o
 .debug_frame   0x0000000000000ce4      0xc40 /tmp/cccHO3yf.ltrans2.ltrans.o

Cross Reference Table

Symbol                                            File
BusFault_Handler                                  /tmp/cccHO3yf.ltrans2.ltrans.o
                                                  build/obj/vectors.o (symbol from plugin)
                                                  /tmp/cccHO3yf.ltrans0.ltrans.o
DebugMon_Handler                                  /tmp/cccHO3yf.ltrans2.ltrans.o
                                                  build/obj/vectors.o (symbol from plugin)
                                                  /tmp/cccHO3yf.ltrans0.ltrans.o
HardFault_Handler                                 /tmp/cccHO3yf.ltrans2.ltrans.o
                                                  build/obj/vectors.o (symbol from plugin)
                                                  /tmp/cccHO3yf.ltrans0.ltrans.o
MemManage_Handler                                 /tmp/cccHO3yf.ltrans2.ltrans.o
                                                  build/obj/vectors.o (symbol from plugin)
                                                  /tmp/cccHO3yf.ltrans0.ltrans.o
NMI_Handler                                       /tmp/cccHO3yf.ltrans1.ltrans.o
                                                  build/obj/chcore_v6m.o (symbol from plugin)
                                                  build/obj/vectors.o (symbol from plugin)
                                                  /tmp/cccHO3yf.ltrans0.ltrans.o
PendSV_Handler                                    /tmp/cccHO3yf.ltrans2.ltrans.o
                                                  build/obj/vectors.o (symbol from plugin)
                                                  /tmp/cccHO3yf.ltrans0.ltrans.o
Reset_Handler                                     build/obj/crt0_v6m.o
                                                  /tmp/cccHO3yf.ltrans0.ltrans.o
SD1                                               build/obj/serial_lld.o (symbol from plugin)
SVC_Handler                                       /tmp/cccHO3yf.ltrans2.ltrans.o
                                                  build/obj/vectors.o (symbol from plugin)
                                                  /tmp/cccHO3yf.ltrans0.ltrans.o
SysTick_Handler                                   /tmp/cccHO3yf.ltrans2.ltrans.o
                                                  build/obj/vectors.o (symbol from plugin)
                                                  /tmp/cccHO3yf.ltrans0.ltrans.o
SystemCoreClock                                   build/obj/hal_lld.o (symbol from plugin)
UsageFault_Handler                                /tmp/cccHO3yf.ltrans2.ltrans.o
                                                  build/obj/vectors.o (symbol from plugin)
                                                  /tmp/cccHO3yf.ltrans0.ltrans.o
Vector1C                                          /tmp/cccHO3yf.ltrans2.ltrans.o
                                                  build/obj/vectors.o (symbol from plugin)
                                                  /tmp/cccHO3yf.ltrans0.ltrans.o
Vector20                                          /tmp/cccHO3yf.ltrans2.ltrans.o
                                                  build/obj/vectors.o (symbol from plugin)
                                                  /tmp/cccHO3yf.ltrans0.ltrans.o
Vector24                                          /tmp/cccHO3yf.ltrans2.ltrans.o
                                                  build/obj/vectors.o (symbol from plugin)
                                                  /tmp/cccHO3yf.ltrans0.ltrans.o
Vector28                                          /tmp/cccHO3yf.ltrans2.ltrans.o
                                                  build/obj/vectors.o (symbol from plugin)
                                                  /tmp/cccHO3yf.ltrans0.ltrans.o
Vector34                                          /tmp/cccHO3yf.ltrans2.ltrans.o
                                                  build/obj/vectors.o (symbol from plugin)
                                                  /tmp/cccHO3yf.ltrans0.ltrans.o
Vector40                                          /tmp/cccHO3yf.ltrans2.ltrans.o
                                                  build/obj/vectors.o (symbol from plugin)
                                                  /tmp/cccHO3yf.ltrans0.ltrans.o
Vector44                                          /tmp/cccHO3yf.ltrans2.ltrans.o
                                                  build/obj/vectors.o (symbol from plugin)
                                                  /tmp/cccHO3yf.ltrans0.ltrans.o
Vector48                                          /tmp/cccHO3yf.ltrans2.ltrans.o
                                                  build/obj/vectors.o (symbol from plugin)
                                                  /tmp/cccHO3yf.ltrans0.ltrans.o
Vector4C                                          /tmp/cccHO3yf.ltrans2.ltrans.o
                                                  build/obj/vectors.o (symbol from plugin)
                                                  /tmp/cccHO3yf.ltrans0.ltrans.o
Vector50                                          /tmp/cccHO3yf.ltrans2.ltrans.o
                                                  build/obj/vectors.o (symbol from plugin)
                                                  /tmp/cccHO3yf.ltrans0.ltrans.o
Vector54                                          /tmp/cccHO3yf.ltrans2.ltrans.o
                                                  build/obj/vectors.o (symbol from plugin)
                                                  /tmp/cccHO3yf.ltrans0.ltrans.o
Vector58                                          /tmp/cccHO3yf.ltrans2.ltrans.o
                                                  build/obj/vectors.o (symbol from plugin)
                                                  /tmp/cccHO3yf.ltrans0.ltrans.o
Vector5C                                          /tmp/cccHO3yf.ltrans2.ltrans.o
                                                  build/obj/vectors.o (symbol from plugin)
                                                  /tmp/cccHO3yf.ltrans0.ltrans.o
Vector60                                          /tmp/cccHO3yf.ltrans2.ltrans.o
                                                  build/obj/vectors.o (symbol from plugin)
                                                  /tmp/cccHO3yf.ltrans0.ltrans.o
Vector64                                          /tmp/cccHO3yf.ltrans2.ltrans.o
                                                  build/obj/vectors.o (symbol from plugin)
                                                  /tmp/cccHO3yf.ltrans0.ltrans.o
Vector68                                          /tmp/cccHO3yf.ltrans2.ltrans.o
                                                  build/obj/vectors.o (symbol from plugin)
                                                  /tmp/cccHO3yf.ltrans0.ltrans.o
Vector6C                                          /tmp/cccHO3yf.ltrans2.ltrans.o
                                                  build/obj/vectors.o (symbol from plugin)
                                                  /tmp/cccHO3yf.ltrans0.ltrans.o
Vector70                                          /tmp/cccHO3yf.ltrans2.ltrans.o
                                                  build/obj/vectors.o (symbol from plugin)
                                                  /tmp/cccHO3yf.ltrans0.ltrans.o
Vector74                                          /tmp/cccHO3yf.ltrans2.ltrans.o
                                                  build/obj/vectors.o (symbol from plugin)
                                                  /tmp/cccHO3yf.ltrans0.ltrans.o
Vector78                                          /tmp/cccHO3yf.ltrans2.ltrans.o
                                                  build/obj/vectors.o (symbol from plugin)
                                                  /tmp/cccHO3yf.ltrans0.ltrans.o
Vector7C                                          /tmp/cccHO3yf.ltrans2.ltrans.o
                                                  build/obj/vectors.o (symbol from plugin)
                                                  /tmp/cccHO3yf.ltrans0.ltrans.o
Vector80                                          build/obj/st_lld.o (symbol from plugin)
                                                  build/obj/vectors.o (symbol from plugin)
Vector84                                          /tmp/cccHO3yf.ltrans2.ltrans.o
                                                  build/obj/vectors.o (symbol from plugin)
                                                  /tmp/cccHO3yf.ltrans0.ltrans.o
Vector88                                          /tmp/cccHO3yf.ltrans2.ltrans.o
                                                  build/obj/vectors.o (symbol from plugin)
                                                  /tmp/cccHO3yf.ltrans0.ltrans.o
Vector8C                                          /tmp/cccHO3yf.ltrans2.ltrans.o
                                                  build/obj/vectors.o (symbol from plugin)
                                                  /tmp/cccHO3yf.ltrans0.ltrans.o
Vector90                                          /tmp/cccHO3yf.ltrans2.ltrans.o
                                                  build/obj/vectors.o (symbol from plugin)
                                                  /tmp/cccHO3yf.ltrans0.ltrans.o
Vector94                                          /tmp/cccHO3yf.ltrans2.ltrans.o
                                                  build/obj/vectors.o (symbol from plugin)
                                                  /tmp/cccHO3yf.ltrans0.ltrans.o
Vector98                                          /tmp/cccHO3yf.ltrans2.ltrans.o
                                                  build/obj/vectors.o (symbol from plugin)
                                                  /tmp/cccHO3yf.ltrans0.ltrans.o
Vector9C                                          /tmp/cccHO3yf.ltrans2.ltrans.o
                                                  build/obj/vectors.o (symbol from plugin)
                                                  /tmp/cccHO3yf.ltrans0.ltrans.o
VectorA0                                          /tmp/cccHO3yf.ltrans2.ltrans.o
                                                  build/obj/vectors.o (symbol from plugin)
                                                  /tmp/cccHO3yf.ltrans0.ltrans.o
VectorA4                                          /tmp/cccHO3yf.ltrans2.ltrans.o
                                                  build/obj/vectors.o (symbol from plugin)
                                                  /tmp/cccHO3yf.ltrans0.ltrans.o
VectorA8                                          /tmp/cccHO3yf.ltrans2.ltrans.o
                                                  build/obj/vectors.o (symbol from plugin)
                                                  /tmp/cccHO3yf.ltrans0.ltrans.o
VectorAC                                          build/obj/serial_lld.o (symbol from plugin)
                                                  build/obj/vectors.o (symbol from plugin)
VectorB0                                          /tmp/cccHO3yf.ltrans2.ltrans.o
                                                  build/obj/vectors.o (symbol from plugin)
                                                  /tmp/cccHO3yf.ltrans0.ltrans.o
VectorB4                                          /tmp/cccHO3yf.ltrans2.ltrans.o
                                                  build/obj/vectors.o (symbol from plugin)
                                                  /tmp/cccHO3yf.ltrans0.ltrans.o
VectorB8                                          /tmp/cccHO3yf.ltrans2.ltrans.o
                                                  build/obj/vectors.o (symbol from plugin)
                                                  /tmp/cccHO3yf.ltrans0.ltrans.o
VectorBC                                          /tmp/cccHO3yf.ltrans2.ltrans.o
                                                  build/obj/vectors.o (symbol from plugin)
                                                  /tmp/cccHO3yf.ltrans0.ltrans.o
__aeabi_idiv0                                     /usr/lib/gcc/arm-none-eabi/4.8/armv6-m/libgcc.a(_dvmd_tls.o)
                                                  /usr/lib/gcc/arm-none-eabi/4.8/armv6-m/libgcc.a(_udivsi3.o)
__aeabi_ldiv0                                     /usr/lib/gcc/arm-none-eabi/4.8/armv6-m/libgcc.a(_dvmd_tls.o)
__aeabi_uidiv                                     /usr/lib/gcc/arm-none-eabi/4.8/armv6-m/libgcc.a(_udivsi3.o)
                                                  /tmp/cccHO3yf.ltrans0.ltrans.o
__aeabi_uidivmod                                  /usr/lib/gcc/arm-none-eabi/4.8/armv6-m/libgcc.a(_udivsi3.o)
__core_init                                       /tmp/cccHO3yf.ltrans2.ltrans.o
                                                  build/obj/crt1.o (symbol from plugin)
                                                  build/obj/crt0_v6m.o
__default_exit                                    /tmp/cccHO3yf.ltrans2.ltrans.o
                                                  build/obj/crt1.o (symbol from plugin)
                                                  build/obj/crt0_v6m.o
__early_init                                      /tmp/cccHO3yf.ltrans0.ltrans.o
                                                  build/obj/board.o (symbol from plugin)
                                                  build/obj/crt1.o (symbol from plugin)
                                                  build/obj/crt0_v6m.o
__fini_array_end                                  build/obj/crt0_v6m.o
__fini_array_start                                build/obj/crt0_v6m.o
__heap_base__                                     /tmp/cccHO3yf.ltrans1.ltrans.o
                                                  build/obj/chmemcore.o (symbol from plugin)
__heap_end__                                      /tmp/cccHO3yf.ltrans1.ltrans.o
                                                  build/obj/chmemcore.o (symbol from plugin)
__init_array_end                                  build/obj/crt0_v6m.o
__init_array_start                                build/obj/crt0_v6m.o
__late_init                                       /tmp/cccHO3yf.ltrans2.ltrans.o
                                                  build/obj/crt1.o (symbol from plugin)
                                                  build/obj/crt0_v6m.o
__main_stack_base__                               build/obj/crt0_v6m.o
__main_stack_end__                                /tmp/cccHO3yf.ltrans0.ltrans.o
                                                  build/obj/vectors.o (symbol from plugin)
                                                  build/obj/crt0_v6m.o
__process_stack_base__                            build/obj/crt0_v6m.o
__process_stack_end__                             build/obj/crt0_v6m.o
__udivsi3                                         /usr/lib/gcc/arm-none-eabi/4.8/armv6-m/libgcc.a(_udivsi3.o)
_bss_end                                          build/obj/crt0_v6m.o
_bss_start                                        build/obj/crt0_v6m.o
_core_init                                        /tmp/cccHO3yf.ltrans1.ltrans.o
                                                  build/obj/chmemcore.o (symbol from plugin)
                                                  /tmp/cccHO3yf.ltrans2.ltrans.o
                                                  build/obj/chsys.o (symbol from plugin)
_data                                             build/obj/crt0_v6m.o
_edata                                            build/obj/crt0_v6m.o
_heap_init                                        /tmp/cccHO3yf.ltrans1.ltrans.o
                                                  build/obj/chheap.o (symbol from plugin)
                                                  /tmp/cccHO3yf.ltrans2.ltrans.o
                                                  build/obj/chsys.o (symbol from plugin)
_pal_lld_init                                     /tmp/cccHO3yf.ltrans0.ltrans.o
                                                  build/obj/pal_lld.o (symbol from plugin)
                                                  /tmp/cccHO3yf.ltrans1.ltrans.o
                                                  build/obj/hal.o (symbol from plugin)
_pal_lld_setgroupmode                             /tmp/cccHO3yf.ltrans0.ltrans.o
                                                  build/obj/pal_lld.o (symbol from plugin)
                                                  /tmp/cccHO3yf.ltrans1.ltrans.o
                                                  build/obj/main.o (symbol from plugin)
                                                  build/obj/pal.o (symbol from plugin)
_port_exit_from_isr                               build/obj/chcoreasm_v6m.o
                                                  /tmp/cccHO3yf.ltrans1.ltrans.o
                                                  build/obj/chcore_v6m.o (symbol from plugin)
_port_irq_epilogue                                /tmp/cccHO3yf.ltrans1.ltrans.o
                                                  build/obj/chcore_v6m.o (symbol from plugin)
                                                  /tmp/cccHO3yf.ltrans0.ltrans.o
                                                  build/obj/serial_lld.o (symbol from plugin)
                                                  build/obj/st_lld.o (symbol from plugin)
_port_switch                                      build/obj/chcoreasm_v6m.o
                                                  /tmp/cccHO3yf.ltrans2.ltrans.o
                                                  build/obj/chschd.o (symbol from plugin)
_port_switch_from_isr                             build/obj/chcoreasm_v6m.o
                                                  /tmp/cccHO3yf.ltrans1.ltrans.o
                                                  build/obj/chcore_v6m.o (symbol from plugin)
_port_thread_start                                build/obj/chcoreasm_v6m.o
                                                  /tmp/cccHO3yf.ltrans2.ltrans.o
                                                  build/obj/chthreads.o (symbol from plugin)
_scheduler_init                                   build/obj/chschd.o (symbol from plugin)
                                                  build/obj/chsys.o (symbol from plugin)
_textdata                                         build/obj/crt0_v6m.o
_thread_init                                      build/obj/chthreads.o (symbol from plugin)
                                                  build/obj/chsys.o (symbol from plugin)
_unhandled_exception                              build/obj/vectors.o (symbol from plugin)
_vectors                                          /tmp/cccHO3yf.ltrans0.ltrans.o
                                                  build/obj/vectors.o (symbol from plugin)
_vt_init                                          build/obj/chvt.o (symbol from plugin)
                                                  build/obj/chsys.o (symbol from plugin)
boardInit                                         /tmp/cccHO3yf.ltrans0.ltrans.o
                                                  build/obj/board.o (symbol from plugin)
                                                  /tmp/cccHO3yf.ltrans1.ltrans.o
                                                  build/obj/hal.o (symbol from plugin)
ch                                                /tmp/cccHO3yf.ltrans0.ltrans.o
                                                  build/obj/chschd.o (symbol from plugin)
                                                  /tmp/cccHO3yf.ltrans2.ltrans.o
                                                  /tmp/cccHO3yf.ltrans1.ltrans.o
                                                  build/obj/chcond.o (symbol from plugin)
                                                  build/obj/chmtx.o (symbol from plugin)
                                                  build/obj/chsem.o (symbol from plugin)
                                                  build/obj/chregistry.o (symbol from plugin)
                                                  build/obj/chthreads.o (symbol from plugin)
                                                  build/obj/chvt.o (symbol from plugin)
                                                  build/obj/chsys.o (symbol from plugin)
chCondBroadcast                                   build/obj/chcond.o (symbol from plugin)
chCondBroadcastI                                  build/obj/chcond.o (symbol from plugin)
chCondObjectInit                                  build/obj/chcond.o (symbol from plugin)
chCondSignal                                      build/obj/chcond.o (symbol from plugin)
chCondSignalI                                     build/obj/chcond.o (symbol from plugin)
chCondWait                                        build/obj/chcond.o (symbol from plugin)
chCondWaitS                                       build/obj/chcond.o (symbol from plugin)
chCondWaitTimeout                                 build/obj/chcond.o (symbol from plugin)
chCondWaitTimeoutS                                build/obj/chcond.o (symbol from plugin)
chCoreAlloc                                       build/obj/chmemcore.o (symbol from plugin)
                                                  build/obj/chheap.o (symbol from plugin)
chCoreAllocI                                      build/obj/chmemcore.o (symbol from plugin)
chCoreGetStatusX                                  build/obj/chmemcore.o (symbol from plugin)
chHeapAlloc                                       build/obj/chheap.o (symbol from plugin)
chHeapFree                                        build/obj/chheap.o (symbol from plugin)
chHeapObjectInit                                  build/obj/chheap.o (symbol from plugin)
chHeapStatus                                      build/obj/chheap.o (symbol from plugin)
chMtxLock                                         /tmp/cccHO3yf.ltrans2.ltrans.o
                                                  build/obj/chmtx.o (symbol from plugin)
                                                  /tmp/cccHO3yf.ltrans1.ltrans.o
                                                  build/obj/chheap.o (symbol from plugin)
chMtxLockS                                        /tmp/cccHO3yf.ltrans1.ltrans.o
                                                  build/obj/chmtx.o (symbol from plugin)
                                                  /tmp/cccHO3yf.ltrans2.ltrans.o
                                                  build/obj/chcond.o (symbol from plugin)
chMtxObjectInit                                   /tmp/cccHO3yf.ltrans2.ltrans.o
                                                  build/obj/chmtx.o (symbol from plugin)
                                                  /tmp/cccHO3yf.ltrans1.ltrans.o
                                                  build/obj/chheap.o (symbol from plugin)
chMtxQueueNotEmptyS.5444                          /tmp/cccHO3yf.ltrans2.ltrans.o
                                                  /tmp/cccHO3yf.ltrans1.ltrans.o
chMtxTryLock                                      build/obj/chmtx.o (symbol from plugin)
chMtxTryLockS                                     build/obj/chmtx.o (symbol from plugin)
chMtxUnlock                                       build/obj/chmtx.o (symbol from plugin)
                                                  build/obj/chheap.o (symbol from plugin)
chMtxUnlockAll                                    build/obj/chmtx.o (symbol from plugin)
chMtxUnlockS                                      build/obj/chmtx.o (symbol from plugin)
                                                  build/obj/chcond.o (symbol from plugin)
chRegFirstThread                                  build/obj/chregistry.o (symbol from plugin)
chRegNextThread                                   build/obj/chregistry.o (symbol from plugin)
chSchDoReschedule                                 /tmp/cccHO3yf.ltrans2.ltrans.o
                                                  build/obj/chschd.o (symbol from plugin)
                                                  build/obj/chcoreasm_v6m.o
chSchDoRescheduleAhead                            build/obj/chschd.o (symbol from plugin)
chSchDoRescheduleBehind                           build/obj/chschd.o (symbol from plugin)
                                                  build/obj/chthreads.o (symbol from plugin)
chSchGoSleepS                                     /tmp/cccHO3yf.ltrans2.ltrans.o
                                                  build/obj/chschd.o (symbol from plugin)
                                                  /tmp/cccHO3yf.ltrans1.ltrans.o
                                                  build/obj/chcond.o (symbol from plugin)
                                                  build/obj/chmtx.o (symbol from plugin)
                                                  build/obj/chsem.o (symbol from plugin)
                                                  build/obj/chthreads.o (symbol from plugin)
chSchGoSleepTimeoutS                              /tmp/cccHO3yf.ltrans2.ltrans.o
                                                  build/obj/chschd.o (symbol from plugin)
                                                  /tmp/cccHO3yf.ltrans1.ltrans.o
                                                  build/obj/chcond.o (symbol from plugin)
                                                  build/obj/chsem.o (symbol from plugin)
                                                  build/obj/chthreads.o (symbol from plugin)
chSchIsPreemptionRequired                         /tmp/cccHO3yf.ltrans2.ltrans.o
                                                  build/obj/chschd.o (symbol from plugin)
                                                  /tmp/cccHO3yf.ltrans1.ltrans.o
                                                  build/obj/chcore_v6m.o (symbol from plugin)
chSchReadyI                                       /tmp/cccHO3yf.ltrans2.ltrans.o
                                                  build/obj/chschd.o (symbol from plugin)
                                                  /tmp/cccHO3yf.ltrans1.ltrans.o
                                                  build/obj/chcond.o (symbol from plugin)
                                                  build/obj/chmtx.o (symbol from plugin)
                                                  build/obj/chsem.o (symbol from plugin)
                                                  build/obj/chthreads.o (symbol from plugin)
chSchRescheduleS                                  /tmp/cccHO3yf.ltrans2.ltrans.o
                                                  build/obj/chschd.o (symbol from plugin)
                                                  /tmp/cccHO3yf.ltrans1.ltrans.o
                                                  build/obj/serial.o (symbol from plugin)
                                                  build/obj/chcond.o (symbol from plugin)
                                                  build/obj/chmtx.o (symbol from plugin)
                                                  build/obj/chsem.o (symbol from plugin)
                                                  build/obj/chthreads.o (symbol from plugin)
                                                  build/obj/chsys.o (symbol from plugin)
chSchWakeupS                                      /tmp/cccHO3yf.ltrans2.ltrans.o
                                                  build/obj/chschd.o (symbol from plugin)
                                                  /tmp/cccHO3yf.ltrans1.ltrans.o
                                                  build/obj/chcond.o (symbol from plugin)
                                                  build/obj/chsem.o (symbol from plugin)
                                                  build/obj/chthreads.o (symbol from plugin)
chSemAddCounterI                                  build/obj/chsem.o (symbol from plugin)
chSemObjectInit                                   build/obj/chsem.o (symbol from plugin)
chSemReset                                        build/obj/chsem.o (symbol from plugin)
chSemResetI                                       build/obj/chsem.o (symbol from plugin)
chSemSignal                                       build/obj/chsem.o (symbol from plugin)
chSemSignalI                                      build/obj/chsem.o (symbol from plugin)
chSemSignalWait                                   build/obj/chsem.o (symbol from plugin)
chSemWait                                         build/obj/chsem.o (symbol from plugin)
chSemWaitS                                        build/obj/chsem.o (symbol from plugin)
chSemWaitTimeout                                  build/obj/chsem.o (symbol from plugin)
chSemWaitTimeoutS                                 build/obj/chsem.o (symbol from plugin)
chSysGetStatusAndLockX                            build/obj/chsys.o (symbol from plugin)
chSysHalt                                         build/obj/chsys.o (symbol from plugin)
chSysInit                                         /tmp/cccHO3yf.ltrans2.ltrans.o
                                                  build/obj/chsys.o (symbol from plugin)
                                                  /tmp/cccHO3yf.ltrans0.ltrans.o
                                                  build/obj/main.o (symbol from plugin)
chSysIntegrityCheckI                              build/obj/chsys.o (symbol from plugin)
chSysLock.5440                                    /tmp/cccHO3yf.ltrans2.ltrans.o
                                                  /tmp/cccHO3yf.ltrans1.ltrans.o
chSysRestoreStatusX                               build/obj/chsys.o (symbol from plugin)
chSysTimerHandlerI                                /tmp/cccHO3yf.ltrans2.ltrans.o
                                                  build/obj/chsys.o (symbol from plugin)
                                                  /tmp/cccHO3yf.ltrans0.ltrans.o
                                                  build/obj/st_lld.o (symbol from plugin)
chSysUnlock.5442                                  /tmp/cccHO3yf.ltrans2.ltrans.o
                                                  /tmp/cccHO3yf.ltrans1.ltrans.o
chThdCreateI                                      build/obj/chthreads.o (symbol from plugin)
chThdCreateStatic                                 build/obj/chthreads.o (symbol from plugin)
                                                  build/obj/chsys.o (symbol from plugin)
chThdDequeueAllI                                  /tmp/cccHO3yf.ltrans2.ltrans.o
                                                  build/obj/chthreads.o (symbol from plugin)
                                                  /tmp/cccHO3yf.ltrans1.ltrans.o
                                                  build/obj/hal_queues.o (symbol from plugin)
chThdDequeueNextI                                 /tmp/cccHO3yf.ltrans2.ltrans.o
                                                  build/obj/chthreads.o (symbol from plugin)
                                                  /tmp/cccHO3yf.ltrans1.ltrans.o
                                                  build/obj/hal_queues.o (symbol from plugin)
chThdEnqueueTimeoutS                              /tmp/cccHO3yf.ltrans2.ltrans.o
                                                  build/obj/chthreads.o (symbol from plugin)
                                                  /tmp/cccHO3yf.ltrans1.ltrans.o
                                                  build/obj/hal_queues.o (symbol from plugin)
chThdExit                                         /tmp/cccHO3yf.ltrans2.ltrans.o
                                                  build/obj/chthreads.o (symbol from plugin)
                                                  build/obj/chcoreasm_v6m.o
chThdExitS                                        build/obj/chthreads.o (symbol from plugin)
chThdResume                                       build/obj/chthreads.o (symbol from plugin)
chThdResumeI                                      build/obj/chthreads.o (symbol from plugin)
chThdResumeS                                      build/obj/chthreads.o (symbol from plugin)
chThdSetPriority                                  build/obj/chthreads.o (symbol from plugin)
chThdSleep                                        build/obj/chthreads.o (symbol from plugin)
chThdSleepUntil                                   build/obj/chthreads.o (symbol from plugin)
chThdSleepUntilWindowed                           build/obj/chthreads.o (symbol from plugin)
chThdStart                                        build/obj/chthreads.o (symbol from plugin)
chThdSuspendS                                     build/obj/chthreads.o (symbol from plugin)
chThdSuspendTimeoutS                              build/obj/chthreads.o (symbol from plugin)
chThdTerminate                                    build/obj/chthreads.o (symbol from plugin)
chThdWait                                         build/obj/chthreads.o (symbol from plugin)
chThdYield                                        build/obj/chthreads.o (symbol from plugin)
chVTDoResetI                                      build/obj/chvt.o (symbol from plugin)
                                                  build/obj/chschd.o (symbol from plugin)
chVTDoSetI                                        build/obj/chvt.o (symbol from plugin)
                                                  build/obj/chschd.o (symbol from plugin)
ch_debug                                          /tmp/cccHO3yf.ltrans0.ltrans.o
                                                  build/obj/chregistry.o (symbol from plugin)
                                                  /tmp/cccHO3yf.ltrans2.ltrans.o
                                                  build/obj/chsys.o (symbol from plugin)
default_heap.5914                                 /tmp/cccHO3yf.ltrans0.ltrans.o
                                                  /tmp/cccHO3yf.ltrans1.ltrans.o
endmem.5739                                       /tmp/cccHO3yf.ltrans0.ltrans.o
                                                  /tmp/cccHO3yf.ltrans1.ltrans.o
halInit                                           /tmp/cccHO3yf.ltrans1.ltrans.o
                                                  build/obj/hal.o (symbol from plugin)
                                                  /tmp/cccHO3yf.ltrans0.ltrans.o
                                                  build/obj/main.o (symbol from plugin)
hal_lld_init                                      /tmp/cccHO3yf.ltrans0.ltrans.o
                                                  build/obj/hal_lld.o (symbol from plugin)
                                                  /tmp/cccHO3yf.ltrans1.ltrans.o
                                                  build/obj/hal.o (symbol from plugin)
iqGetTimeout                                      /tmp/cccHO3yf.ltrans1.ltrans.o
                                                  build/obj/hal_queues.o (symbol from plugin)
                                                  /tmp/cccHO3yf.ltrans0.ltrans.o
                                                  build/obj/serial.o (symbol from plugin)
iqObjectInit                                      /tmp/cccHO3yf.ltrans1.ltrans.o
                                                  build/obj/hal_queues.o (symbol from plugin)
                                                  /tmp/cccHO3yf.ltrans0.ltrans.o
                                                  build/obj/serial.o (symbol from plugin)
iqPutI                                            /tmp/cccHO3yf.ltrans1.ltrans.o
                                                  build/obj/hal_queues.o (symbol from plugin)
                                                  /tmp/cccHO3yf.ltrans0.ltrans.o
                                                  build/obj/serial.o (symbol from plugin)
iqReadTimeout                                     /tmp/cccHO3yf.ltrans1.ltrans.o
                                                  build/obj/hal_queues.o (symbol from plugin)
                                                  /tmp/cccHO3yf.ltrans0.ltrans.o
                                                  build/obj/serial.o (symbol from plugin)
iqResetI                                          /tmp/cccHO3yf.ltrans1.ltrans.o
                                                  build/obj/hal_queues.o (symbol from plugin)
                                                  /tmp/cccHO3yf.ltrans0.ltrans.o
                                                  build/obj/serial.o (symbol from plugin)
list_insert                                       build/obj/chschd.o (symbol from plugin)
                                                  build/obj/chthreads.o (symbol from plugin)
list_remove                                       build/obj/chschd.o (symbol from plugin)
                                                  build/obj/chthreads.o (symbol from plugin)
main                                              /tmp/cccHO3yf.ltrans0.ltrans.o
                                                  build/obj/main.o (symbol from plugin)
                                                  build/obj/crt0_v6m.o
nextmem.5737                                      /tmp/cccHO3yf.ltrans0.ltrans.o
                                                  /tmp/cccHO3yf.ltrans1.ltrans.o
nvicClearPending                                  build/obj/nvic.o (symbol from plugin)
nvicDisableVector                                 build/obj/nvic.o (symbol from plugin)
nvicEnableVector                                  build/obj/nvic.o (symbol from plugin)
                                                  build/obj/serial_lld.o (symbol from plugin)
                                                  build/obj/st_lld.o (symbol from plugin)
nvicSetSystemHandlerPriority                      build/obj/nvic.o (symbol from plugin)
oqGetI                                            /tmp/cccHO3yf.ltrans1.ltrans.o
                                                  build/obj/hal_queues.o (symbol from plugin)
                                                  /tmp/cccHO3yf.ltrans0.ltrans.o
                                                  build/obj/serial_lld.o (symbol from plugin)
                                                  build/obj/serial.o (symbol from plugin)
oqObjectInit                                      /tmp/cccHO3yf.ltrans1.ltrans.o
                                                  build/obj/hal_queues.o (symbol from plugin)
                                                  /tmp/cccHO3yf.ltrans0.ltrans.o
                                                  build/obj/serial.o (symbol from plugin)
oqPutTimeout                                      /tmp/cccHO3yf.ltrans1.ltrans.o
                                                  build/obj/hal_queues.o (symbol from plugin)
                                                  /tmp/cccHO3yf.ltrans0.ltrans.o
                                                  build/obj/serial.o (symbol from plugin)
oqResetI                                          /tmp/cccHO3yf.ltrans1.ltrans.o
                                                  build/obj/hal_queues.o (symbol from plugin)
                                                  /tmp/cccHO3yf.ltrans0.ltrans.o
                                                  build/obj/serial.o (symbol from plugin)
oqWriteTimeout                                    /tmp/cccHO3yf.ltrans1.ltrans.o
                                                  build/obj/hal_queues.o (symbol from plugin)
                                                  /tmp/cccHO3yf.ltrans0.ltrans.o
                                                  build/obj/serial.o (symbol from plugin)
osalEventBroadcastFlagsI.6300                     /tmp/cccHO3yf.ltrans1.ltrans.o
                                                  /tmp/cccHO3yf.ltrans0.ltrans.o
osalEventObjectInit.6291                          /tmp/cccHO3yf.ltrans1.ltrans.o
                                                  /tmp/cccHO3yf.ltrans0.ltrans.o
osalOsRescheduleS.6351                            /tmp/cccHO3yf.ltrans1.ltrans.o
                                                  /tmp/cccHO3yf.ltrans0.ltrans.o
osalSysLock.6287                                  /tmp/cccHO3yf.ltrans1.ltrans.o
                                                  /tmp/cccHO3yf.ltrans0.ltrans.o
osalSysUnlock.6289                                /tmp/cccHO3yf.ltrans1.ltrans.o
                                                  /tmp/cccHO3yf.ltrans0.ltrans.o
palReadBus                                        build/obj/pal.o (symbol from plugin)
palSetBusMode                                     build/obj/pal.o (symbol from plugin)
palWriteBus                                       build/obj/pal.o (symbol from plugin)
pal_default_config                                /tmp/cccHO3yf.ltrans0.ltrans.o
                                                  build/obj/board.o (symbol from plugin)
                                                  /tmp/cccHO3yf.ltrans1.ltrans.o
                                                  build/obj/hal.o (symbol from plugin)
queue_dequeue                                     /tmp/cccHO3yf.ltrans2.ltrans.o
                                                  build/obj/chschd.o (symbol from plugin)
                                                  /tmp/cccHO3yf.ltrans1.ltrans.o
                                                  build/obj/chmtx.o (symbol from plugin)
queue_fifo_remove                                 /tmp/cccHO3yf.ltrans2.ltrans.o
                                                  build/obj/chschd.o (symbol from plugin)
                                                  /tmp/cccHO3yf.ltrans1.ltrans.o
                                                  build/obj/chcond.o (symbol from plugin)
                                                  build/obj/chmtx.o (symbol from plugin)
                                                  build/obj/chsem.o (symbol from plugin)
                                                  build/obj/chthreads.o (symbol from plugin)
queue_insert                                      build/obj/chschd.o (symbol from plugin)
                                                  build/obj/chsem.o (symbol from plugin)
                                                  build/obj/chthreads.o (symbol from plugin)
queue_lifo_remove                                 build/obj/chschd.o (symbol from plugin)
                                                  build/obj/chsem.o (symbol from plugin)
queue_prio_insert                                 /tmp/cccHO3yf.ltrans2.ltrans.o
                                                  build/obj/chschd.o (symbol from plugin)
                                                  /tmp/cccHO3yf.ltrans1.ltrans.o
                                                  build/obj/chcond.o (symbol from plugin)
                                                  build/obj/chmtx.o (symbol from plugin)
sdGetWouldBlock                                   build/obj/serial.o (symbol from plugin)
sdIncomingDataI                                   build/obj/serial.o (symbol from plugin)
                                                  build/obj/serial_lld.o (symbol from plugin)
sdInit                                            /tmp/cccHO3yf.ltrans0.ltrans.o
                                                  build/obj/serial.o (symbol from plugin)
                                                  /tmp/cccHO3yf.ltrans1.ltrans.o
                                                  build/obj/hal.o (symbol from plugin)
sdObjectInit                                      build/obj/serial.o (symbol from plugin)
                                                  build/obj/serial_lld.o (symbol from plugin)
sdPutWouldBlock                                   build/obj/serial.o (symbol from plugin)
sdRequestDataI                                    build/obj/serial.o (symbol from plugin)
sdStart                                           build/obj/serial.o (symbol from plugin)
sdStop                                            build/obj/serial.o (symbol from plugin)
sd_lld_init                                       build/obj/serial_lld.o (symbol from plugin)
                                                  build/obj/serial.o (symbol from plugin)
sd_lld_start                                      build/obj/serial_lld.o (symbol from plugin)
                                                  build/obj/serial.o (symbol from plugin)
sd_lld_stop                                       build/obj/serial_lld.o (symbol from plugin)
                                                  build/obj/serial.o (symbol from plugin)
stGetAlarm                                        build/obj/st.o (symbol from plugin)
stInit                                            build/obj/st.o (symbol from plugin)
                                                  build/obj/hal.o (symbol from plugin)
stSetAlarm                                        /tmp/cccHO3yf.ltrans1.ltrans.o
                                                  build/obj/st.o (symbol from plugin)
                                                  /tmp/cccHO3yf.ltrans2.ltrans.o
                                                  build/obj/chvt.o (symbol from plugin)
                                                  build/obj/chsys.o (symbol from plugin)
stStartAlarm                                      /tmp/cccHO3yf.ltrans1.ltrans.o
                                                  build/obj/st.o (symbol from plugin)
                                                  /tmp/cccHO3yf.ltrans2.ltrans.o
                                                  build/obj/chvt.o (symbol from plugin)
stStopAlarm                                       /tmp/cccHO3yf.ltrans1.ltrans.o
                                                  build/obj/st.o (symbol from plugin)
                                                  /tmp/cccHO3yf.ltrans2.ltrans.o
                                                  build/obj/chvt.o (symbol from plugin)
                                                  build/obj/chsys.o (symbol from plugin)
st_lld_init                                       /tmp/cccHO3yf.ltrans0.ltrans.o
                                                  build/obj/st_lld.o (symbol from plugin)
                                                  /tmp/cccHO3yf.ltrans1.ltrans.o
                                                  build/obj/st.o (symbol from plugin)
stm32_clock_init                                  build/obj/hal_lld.o (symbol from plugin)
                                                  build/obj/board.o (symbol from plugin)
